Component: Arm Compiler for Embedded 6.19 Tool: armlink [5e73cb00]

==============================================================================

Section Cross References

    startup_stm32f103xb.o(STACK) refers (Special) to heapauxi.o(.text) for __use_two_region_memory
    startup_stm32f103xb.o(HEAP) refers (Special) to heapauxi.o(.text) for __use_two_region_memory
    startup_stm32f103xb.o(RESET) refers (Special) to heapauxi.o(.text) for __use_two_region_memory
    startup_stm32f103xb.o(RESET) refers to startup_stm32f103xb.o(STACK) for __initial_sp
    startup_stm32f103xb.o(RESET) refers to startup_stm32f103xb.o(.text) for Reset_Handler
    startup_stm32f103xb.o(RESET) refers to stm32f1xx_it.o(.text.NMI_Handler) for NMI_Handler
    startup_stm32f103xb.o(RESET) refers to stm32f1xx_it.o(.text.HardFault_Handler) for HardFault_Handler
    startup_stm32f103xb.o(RESET) refers to stm32f1xx_it.o(.text.MemManage_Handler) for MemManage_Handler
    startup_stm32f103xb.o(RESET) refers to stm32f1xx_it.o(.text.BusFault_Handler) for BusFault_Handler
    startup_stm32f103xb.o(RESET) refers to stm32f1xx_it.o(.text.UsageFault_Handler) for UsageFault_Handler
    startup_stm32f103xb.o(RESET) refers to stm32f1xx_it.o(.text.SVC_Handler) for SVC_Handler
    startup_stm32f103xb.o(RESET) refers to stm32f1xx_it.o(.text.DebugMon_Handler) for DebugMon_Handler
    startup_stm32f103xb.o(RESET) refers to stm32f1xx_it.o(.text.PendSV_Handler) for PendSV_Handler
    startup_stm32f103xb.o(RESET) refers to stm32f1xx_it.o(.text.SysTick_Handler) for SysTick_Handler
    startup_stm32f103xb.o(RESET) refers to stm32f1xx_it.o(.text.DMA1_Channel1_IRQHandler) for DMA1_Channel1_IRQHandler
    startup_stm32f103xb.o(.text) refers (Special) to heapauxi.o(.text) for __use_two_region_memory
    startup_stm32f103xb.o(.text) refers to system_stm32f1xx.o(.text.SystemInit) for SystemInit
    startup_stm32f103xb.o(.text) refers to __main.o(!!!main) for __main
    startup_stm32f103xb.o(.text) refers to startup_stm32f103xb.o(HEAP) for Heap_Mem
    startup_stm32f103xb.o(.text) refers to startup_stm32f103xb.o(STACK) for Stack_Mem
    lcd1602.o(.text.delay) refers to main.o(.bss.htim2) for htim2
    lcd1602.o(.ARM.exidx.text.delay) refers to lcd1602.o(.text.delay) for [Anonymous Symbol]
    lcd1602.o(.text.send_to_lcd) refers to stm32f1xx_hal_gpio.o(.text.HAL_GPIO_WritePin) for HAL_GPIO_WritePin
    lcd1602.o(.text.send_to_lcd) refers to main.o(.bss.htim2) for htim2
    lcd1602.o(.ARM.exidx.text.send_to_lcd) refers to lcd1602.o(.text.send_to_lcd) for [Anonymous Symbol]
    lcd1602.o(.text.lcd_send_cmd) refers to lcd1602.o(.text.send_to_lcd) for send_to_lcd
    lcd1602.o(.ARM.exidx.text.lcd_send_cmd) refers to lcd1602.o(.text.lcd_send_cmd) for [Anonymous Symbol]
    lcd1602.o(.text.lcd_send_data) refers to lcd1602.o(.text.send_to_lcd) for send_to_lcd
    lcd1602.o(.ARM.exidx.text.lcd_send_data) refers to lcd1602.o(.text.lcd_send_data) for [Anonymous Symbol]
    lcd1602.o(.text.lcd_clear) refers to lcd1602.o(.text.send_to_lcd) for send_to_lcd
    lcd1602.o(.text.lcd_clear) refers to stm32f1xx_hal.o(.text.HAL_Delay) for HAL_Delay
    lcd1602.o(.ARM.exidx.text.lcd_clear) refers to lcd1602.o(.text.lcd_clear) for [Anonymous Symbol]
    lcd1602.o(.text.lcd_put_cur) refers to lcd1602.o(.text.send_to_lcd) for send_to_lcd
    lcd1602.o(.ARM.exidx.text.lcd_put_cur) refers to lcd1602.o(.text.lcd_put_cur) for [Anonymous Symbol]
    lcd1602.o(.text.lcd_init) refers to stm32f1xx_hal.o(.text.HAL_Delay) for HAL_Delay
    lcd1602.o(.text.lcd_init) refers to lcd1602.o(.text.send_to_lcd) for send_to_lcd
    lcd1602.o(.ARM.exidx.text.lcd_init) refers to lcd1602.o(.text.lcd_init) for [Anonymous Symbol]
    lcd1602.o(.text.lcd_send_string) refers to lcd1602.o(.text.send_to_lcd) for send_to_lcd
    lcd1602.o(.ARM.exidx.text.lcd_send_string) refers to lcd1602.o(.text.lcd_send_string) for [Anonymous Symbol]
    main.o(.text) refers (Special) to _printf_percent.o(.ARM.Collect$$_printf_percent$$00000000) for _printf_percent
    main.o(.text) refers (Special) to _printf_pad.o(.text) for _printf_pre_padding
    main.o(.text) refers (Special) to _printf_d.o(.ARM.Collect$$_printf_percent$$00000009) for _printf_d
    main.o(.text) refers (Special) to _printf_f.o(.ARM.Collect$$_printf_percent$$00000003) for _printf_f
    main.o(.text) refers (Special) to _printf_e.o(.ARM.Collect$$_printf_percent$$00000004) for _printf_e
    main.o(.text) refers (Special) to _printf_g.o(.ARM.Collect$$_printf_percent$$00000005) for _printf_g
    main.o(.text) refers (Special) to _printf_a.o(.ARM.Collect$$_printf_percent$$00000006) for _printf_a
    main.o(.text) refers (Special) to printf2.o(x$fpl$printf2) for _printf_fp_hex
    main.o(.text) refers (Special) to _printf_dec.o(.text) for _printf_int_dec
    main.o(.text) refers (Special) to printf1.o(x$fpl$printf1) for _printf_fp_dec
[...]
    ../clib/printf.c                         0x00000000   Number         0  __printf_flags.o ABSOLUTE
    ../clib/printf.c                         0x00000000   Number         0  __printf_ss.o ABSOLUTE
    ../clib/printf.c                         0x00000000   Number         0  __printf_flags_ss.o ABSOLUTE
    ../clib/printf.c                         0x00000000   Number         0  __printf_wp.o ABSOLUTE
    ../clib/printf.c                         0x00000000   Number         0  __printf_flags_wp.o ABSOLUTE
    ../clib/printf.c                         0x00000000   Number         0  __printf_ss_wp.o ABSOLUTE
    ../clib/printf.c                         0x00000000   Number         0  __printf_flags_ss_wp.o ABSOLUTE
    ../clib/printf.c                         0x00000000   Number         0  _printf_intcommon.o ABSOLUTE
    ../clib/printf.c                         0x00000000   Number         0  _printf_fp_dec.o ABSOLUTE
    ../clib/printf.c                         0x00000000   Number         0  _printf_fp_dec_accurate.o ABSOLUTE
    ../clib/printf.c                         0x00000000   Number         0  _printf_fp_hex.o ABSOLUTE
    ../clib/printf.c                         0x00000000   Number         0  _printf_char_common.o ABSOLUTE
    ../clib/printf.c                         0x00000000   Number         0  _sputc.o ABSOLUTE
    ../clib/printf.c                         0x00000000   Number         0  _printf_fp_infnan.o ABSOLUTE
    ../clib/printf.c                         0x00000000   Number         0  __printf_nopercent.o ABSOLUTE
    ../clib/printf_percent.s                 0x00000000   Number         0  _printf_d.o ABSOLUTE
    ../clib/printf_percent.s                 0x00000000   Number         0  _printf_f.o ABSOLUTE
    ../clib/printf_percent.s                 0x00000000   Number         0  _printf_e.o ABSOLUTE
    ../clib/printf_percent.s                 0x00000000   Number         0  _printf_g.o ABSOLUTE
    ../clib/printf_percent.s                 0x00000000   Number         0  _printf_a.o ABSOLUTE
    ../clib/printf_percent.s                 0x00000000   Number         0  _printf_percent.o ABSOLUTE
    ../clib/printf_percent.s                 0x00000000   Number         0  _printf_percent_end.o ABSOLUTE
    ../clib/signal.c                         0x00000000   Number         0  defsig_rtmem_outer.o ABSOLUTE
    ../clib/signal.c                         0x00000000   Number         0  defsig_rtmem_formal.o ABSOLUTE
    ../clib/signal.c                         0x00000000   Number         0  defsig_exit.o ABSOLUTE
    ../clib/signal.c                         0x00000000   Number         0  defsig_rtmem_inner.o ABSOLUTE
    ../clib/signal.c                         0x00000000   Number         0  __raise.o ABSOLUTE
    ../clib/signal.c                         0x00000000   Number         0  defsig_general.o ABSOLUTE
    ../clib/signal.c                         0x00000000   Number         0  defsig_abrt_inner.o ABSOLUTE
    ../clib/signal.c                         0x00000000   Number         0  defsig_fpe_inner.o ABSOLUTE
    ../clib/signal.c                         0x00000000   Number         0  defsig_rtred_inner.o ABSOLUTE
    ../clib/signal.c                         0x00000000   Number         0  defsig_stak_inner.o ABSOLUTE
    ../clib/signal.c                         0x00000000   Number         0  defsig_pvfn_inner.o ABSOLUTE
    ../clib/signal.c                         0x00000000   Number         0  defsig_cppl_inner.o ABSOLUTE
    ../clib/signal.c                         0x00000000   Number         0  defsig_segv_inner.o ABSOLUTE
    ../clib/signal.c                         0x00000000   Number         0  defsig_other.o ABSOLUTE
    ../clib/signal.s                         0x00000000   Number         0  defsig.o ABSOLUTE
    ../clib/stdlib.c                         0x00000000   Number         0  exit.o ABSOLUTE
    ../fplib/d2f.s                           0x00000000   Number         0  d2f.o ABSOLUTE
    ../fplib/daddsub.s                       0x00000000   Number         0  daddsub_clz.o ABSOLUTE
    ../fplib/dnaninf.s                       0x00000000   Number         0  dnaninf.o ABSOLUTE
    ../fplib/dretinf.s                       0x00000000   Number         0  dretinf.o ABSOLUTE
    ../fplib/f2d.s                           0x00000000   Number         0  f2d.o ABSOLUTE
    ../fplib/fnaninf.s                       0x00000000   Number         0  fnaninf.o ABSOLUTE
    ../fplib/fpinit.s                        0x00000000   Number         0  fpinit.o ABSOLUTE
    ../fplib/fpinit_empty.s                  0x00000000   Number         0  fpinit_empty.o ABSOLUTE
    ../fplib/fretinf.s                       0x00000000   Number         0  fretinf.o ABSOLUTE
    ../fplib/istatus.s                       0x00000000   Number         0  istatus.o ABSOLUTE
    ../fplib/printf1.s                       0x00000000   Number         0  printf1.o ABSOLUTE
    ../fplib/printf2.s                       0x00000000   Number         0  printf2.o ABSOLUTE
    ../fplib/printf2a.s                      0x00000000   Number         0  printf2a.o ABSOLUTE
    ../fplib/printf2b.s                      0x00000000   Number         0  printf2b.o ABSOLUTE
    ../fplib/usenofp.s                       0x00000000   Number         0  usenofp.o ABSOLUTE
    ../mathlib/fpclassify.c                  0x00000000   Number         0  fpclassify.o ABSOLUTE
    LCD1602.c                                0x00000000   Number         0  lcd1602.o ABSOLUTE
    dc.s                                     0x00000000   Number         0  dc.o ABSOLUTE
    main.c                                   0x00000000   Number         0  main.o ABSOLUTE
    startup_stm32f103xb.s                    0x00000000   Number         0  startup_stm32f103xb.o ABSOLUTE
    stm32f1xx_hal.c                          0x00000000   Number         0  stm32f1xx_hal.o ABSOLUTE
    stm32f1xx_hal_adc.c                      0x00000000   Number         0  stm32f1xx_hal_adc.o ABSOLUTE
    stm32f1xx_hal_adc_ex.c                   0x00000000   Number         0  stm32f1xx_hal_adc_ex.o ABSOLUTE
    stm32f1xx_hal_cortex.c                   0x00000000   Number         0  stm32f1xx_hal_cortex.o ABSOLUTE
    stm32f1xx_hal_dma.c                      0x00000000   Number         0  stm32f1xx_hal_dma.o ABSOLUTE
    stm32f1xx_hal_exti.c                     0x00000000   Number         0  stm32f1xx_hal_exti.o ABSOLUTE
    stm32f1xx_hal_flash.c                    0x00000000   Number         0  stm32f1xx_hal_flash.o ABSOLUTE
    stm32f1xx_hal_flash_ex.c                 0x00000000   Number         0  stm32f1xx_hal_flash_ex.o ABSOLUTE
    stm32f1xx_hal_gpio.c                     0x00000000   Number         0  stm32f1xx_hal_gpio.o ABSOLUTE
    stm32f1xx_hal_gpio_ex.c                  0x00000000   Number         0  stm32f1xx_hal_gpio_ex.o ABSOLUTE
    stm32f1xx_hal_msp.c                      0x00000000   Number         0  stm32f1xx_hal_msp.o ABSOLUTE
    stm32f1xx_hal_pwr.c                      0x00000000   Number         0  stm32f1xx_hal_pwr.o ABSOLUTE
    stm32f1xx_hal_rcc.c                      0x00000000   Number         0  stm32f1xx_hal_rcc.o ABSOLUTE
    stm32f1xx_hal_rcc_ex.c                   0x00000000   Number         0  stm32f1xx_hal_rcc_ex.o ABSOLUTE
    stm32f1xx_hal_tim.c                      0x00000000   Number         0  stm32f1xx_hal_tim.o ABSOLUTE
    stm32f1xx_hal_tim_ex.c                   0x00000000   Number         0  stm32f1xx_hal_tim_ex.o ABSOLUTE
    stm32f1xx_it.c                           0x00000000   Number         0  stm32f1xx_it.o ABSOLUTE
    system_stm32f1xx.c                       0x00000000   Number         0  system_stm32f1xx.o ABSOLUTE
    RESET                                    0x08000000   Section      236  startup_stm32f103xb.o(RESET)
    !!!main                                  0x080000ec   Section        8  __main.o(!!!main)
    !!!scatter                               0x080000f4   Section       52  __scatter.o(!!!scatter)
    !!handler_copy                           0x08000128   Section       26  __scatter_copy.o(!!handler_copy)
    !!handler_zi                             0x08000144   Section       28  __scatter_zi.o(!!handler_zi)
    .ARM.Collect$$_printf_percent$$00000000  0x08000160   Section        0  _printf_percent.o(.ARM.Collect$$_printf_percent$$00000000)
    .ARM.Collect$$_printf_percent$$00000003  0x08000160   Section        6  _printf_f.o(.ARM.Collect$$_printf_percent$$00000003)
    .ARM.Collect$$_printf_percent$$00000004  0x08000166   Section        6  _printf_e.o(.ARM.Collect$$_printf_percent$$00000004)
    .ARM.Collect$$_printf_percent$$00000005  0x0800016c   Section        6  _printf_g.o(.ARM.Collect$$_printf_percent$$00000005)
    .ARM.Collect$$_printf_percent$$00000006  0x08000172   Section        6  _printf_a.o(.ARM.Collect$$_printf_percent$$00000006)
    .ARM.Collect$$_printf_percent$$00000009  0x08000178   Section        6  _printf_d.o(.ARM.Collect$$_printf_percent$$00000009)
    .ARM.Collect$$_printf_percent$$00000017  0x0800017e   Section        4  _printf_percent_end.o(.ARM.Collect$$_printf_percent$$00000017)
    .ARM.Collect$$libinit$$00000000          0x08000182   Section        2  libinit.o(.ARM.Collect$$libinit$$00000000)
    .ARM.Collect$$libinit$$00000002          0x08000184   Section        0  libinit2.o(.ARM.Collect$$libinit$$00000002)
    .ARM.Collect$$libinit$$00000004          0x08000184   Section        0  libinit2.o(.ARM.Collect$$libinit$$00000004)
    .ARM.Collect$$libinit$$00000006          0x08000184   Section        0  libinit2.o(.ARM.Collect$$libinit$$00000006)
    .ARM.Collect$$libinit$$0000000C          0x08000184   Section        0  libinit2.o(.ARM.Collect$$libinit$$0000000C)
    .ARM.Collect$$libinit$$0000000E          0x08000184   Section        0  libinit2.o(.ARM.Collect$$libinit$$0000000E)
    .ARM.Collect$$libinit$$00000010          0x08000184   Section        0  libinit2.o(.ARM.Collect$$libinit$$00000010)
    .ARM.Collect$$libinit$$00000011          0x08000184   Section        6  libinit2.o(.ARM.Collect$$libinit$$00000011)
    .ARM.Collect$$libinit$$00000013          0x0800018a   Section        0  libinit2.o(.ARM.Collect$$libinit$$00000013)
    .ARM.Collect$$libinit$$00000015          0x0800018a   Section        0  libinit2.o(.ARM.Collect$$libinit$$00000015)
    .ARM.Collect$$libinit$$00000017          0x0800018a   Section        0  libinit2.o(.ARM.Collect$$libinit$$00000017)
    .ARM.Collect$$libinit$$00000018          0x0800018a   Section       10  libinit2.o(.ARM.Collect$$libinit$$00000018)
    .ARM.Collect$$libinit$$00000019          0x08000194   Section        0  libinit2.o(.ARM.Collect$$libinit$$00000019)
    .ARM.Collect$$libinit$$0000001B          0x08000194   Section        0  libinit2.o(.ARM.Collect$$libinit$$0000001B)
    .ARM.Collect$$libinit$$0000001D          0x08000194   Section        0  libinit2.o(.ARM.Collect$$libinit$$0000001D)
    .ARM.Collect$$libinit$$0000001F          0x08000194   Section        0  libinit2.o(.ARM.Collect$$libinit$$0000001F)
    .ARM.Collect$$libinit$$00000021          0x08000194   Section        0  libinit2.o(.ARM.Collect$$libinit$$00000021)
    .ARM.Collect$$libinit$$00000023          0x08000194   Section        0  libinit2.o(.ARM.Collect$$libinit$$00000023)
    .ARM.Collect$$libinit$$00000025          0x08000194   Section        0  libinit2.o(.ARM.Collect$$libinit$$00000025)
    .ARM.Collect$$libinit$$00000027          0x08000194   Section        0  libinit2.o(.ARM.Collect$$libinit$$00000027)
    .ARM.Collect$$libinit$$0000002E          0x08000194   Section        0  libinit2.o(.ARM.Collect$$libinit$$0000002E)
    .ARM.Collect$$libinit$$00000030          0x08000194   Section        0  libinit2.o(.ARM.Collect$$libinit$$00000030)
    .ARM.Collect$$libinit$$00000032          0x08000194   Section        0  libinit2.o(.ARM.Collect$$libinit$$00000032)
    .ARM.Collect$$libinit$$00000034          0x08000194   Section        0  libinit2.o(.ARM.Collect$$libinit$$00000034)
    .ARM.Collect$$libinit$$00000035          0x08000194   Section        2  libinit2.o(.ARM.Collect$$libinit$$00000035)
    .ARM.Collect$$libshutdown$$00000000      0x08000196   Section        2  libshutdown.o(.ARM.Collect$$libshutdown$$00000000)
    .ARM.Collect$$libshutdown$$00000002      0x08000198   Section        0  libshutdown2.o(.ARM.Collect$$libshutdown$$00000002)
    .ARM.Collect$$libshutdown$$00000004      0x08000198   Section        0  libshutdown2.o(.ARM.Collect$$libshutdown$$00000004)
    .ARM.Collect$$libshutdown$$00000007      0x08000198   Section        0  libshutdown2.o(.ARM.Collect$$libshutdown$$00000007)
    .ARM.Collect$$libshutdown$$0000000A      0x08000198   Section        0  libshutdown2.o(.ARM.Collect$$libshutdown$$0000000A)
    .ARM.Collect$$libshutdown$$0000000C      0x08000198   Section        0  libshutdown2.o(.ARM.Collect$$libshutdown$$0000000C)
    .ARM.Collect$$libshutdown$$0000000F      0x08000198   Section        0  libshutdown2.o(.ARM.Collect$$libshutdown$$0000000F)
    .ARM.Collect$$libshutdown$$00000010      0x08000198   Section        2  libshutdown2.o(.ARM.Collect$$libshutdown$$00000010)
    .ARM.Collect$$rtentry$$00000000          0x0800019a   Section        0  __rtentry.o(.ARM.Collect$$rtentry$$00000000)
    .ARM.Collect$$rtentry$$00000002          0x0800019a   Section        0  __rtentry2.o(.ARM.Collect$$rtentry$$00000002)
    .ARM.Collect$$rtentry$$00000004          0x0800019a   Section        6  __rtentry4.o(.ARM.Collect$$rtentry$$00000004)
    .ARM.Collect$$rtentry$$00000009          0x080001a0   Section        0  __rtentry2.o(.ARM.Collect$$rtentry$$00000009)
    .ARM.Collect$$rtentry$$0000000A          0x080001a0   Section        4  __rtentry2.o(.ARM.Collect$$rtentry$$0000000A)
    .ARM.Collect$$rtentry$$0000000C          0x080001a4   Section        0  __rtentry2.o(.ARM.Collect$$rtentry$$0000000C)
    .ARM.Collect$$rtentry$$0000000D          0x080001a4   Section        8  __rtentry2.o(.ARM.Collect$$rtentry$$0000000D)
    .ARM.Collect$$rtexit$$00000000           0x080001ac   Section        2  rtexit.o(.ARM.Collect$$rtexit$$00000000)
    .ARM.Collect$$rtexit$$00000002           0x080001ae   Section        0  rtexit2.o(.ARM.Collect$$rtexit$$00000002)
    .ARM.Collect$$rtexit$$00000003           0x080001ae   Section        4  rtexit2.o(.ARM.Collect$$rtexit$$00000003)
    .ARM.Collect$$rtexit$$00000004           0x080001b2   Section        6  rtexit2.o(.ARM.Collect$$rtexit$$00000004)
    .text                                    0x080001b8   Section       64  startup_stm32f103xb.o(.text)
    .text                                    0x080001f8   Section        0  noretval__2sprintf.o(.text)
    .text                                    0x08000220   Section        0  _printf_pad.o(.text)
    .text                                    0x08000270   Section        0  _printf_dec.o(.text)
    .text                                    0x080002e8   Section        0  __printf_flags_ss_wp.o(.text)
    .text                                    0x08000470   Section        0  heapauxi.o(.text)
    .text                                    0x08000476   Section        0  _printf_intcommon.o(.text)
    _fp_digits                               0x08000529   Thumb Code   432  _printf_fp_dec.o(.text)
    .text                                    0x08000528   Section        0  _printf_fp_dec.o(.text)
    .text                                    0x08000944   Section        0  _printf_fp_hex.o(.text)
    _printf_input_char                       0x08000c41   Thumb Code    10  _printf_char_common.o(.text)
    .text                                    0x08000c40   Section        0  _printf_char_common.o(.text)
    .text                                    0x08000c70   Section        0  _sputc.o(.text)
    .text                                    0x08000c7c   Section        8  rt_locale_intlibspace.o(.text)
    .text                                    0x08000c84   Section      138  lludiv10.o(.text)
    .text                                    0x08000d10   Section        0  _printf_fp_infnan.o(.text)
    .text                                    0x08000d90   Section        0  bigflt0.o(.text)
    .text                                    0x08000e74   Section        8  libspace.o(.text)
    .text                                    0x08000e7c   Section       74  sys_stackheap_outer.o(.text)
    .text                                    0x08000ec6   Section        0  exit.o(.text)
    .text                                    0x08000ed8   Section      128  strcmpv7m.o(.text)
    .text                                    0x08000f58   Section        0  sys_exit.o(.text)
    .text                                    0x08000f64   Section        2  use_no_semi.o(.text)
    .text                                    0x08000f66   Section        0  indicate_semi.o(.text)
    [Anonymous Symbol]                       0x08000f68   Section        0  stm32f1xx_hal_adc.o(.text.ADC_DMAConvCplt)
    [Anonymous Symbol]                       0x08000fbc   Section        0  stm32f1xx_hal_adc.o(.text.ADC_DMAError)
    [Anonymous Symbol]                       0x08000fd4   Section        0  stm32f1xx_hal_adc.o(.text.ADC_DMAHalfConvCplt)
    [Anonymous Symbol]                       0x08000fdc   Section        0  stm32f1xx_hal_adc.o(.text.ADC_Enable)
    [Anonymous Symbol]                       0x08001094   Section        0  stm32f1xx_it.o(.text.BusFault_Handler)
    [Anonymous Symbol]                       0x08001098   Section        0  stm32f1xx_it.o(.text.DMA1_Channel1_IRQHandler)
    [Anonymous Symbol]                       0x080010a4   Section        0  stm32f1xx_it.o(.text.DebugMon_Handler)
    [Anonymous Symbol]                       0x080010a8   Section        0  main.o(.text.Error_Handler)
    [Anonymous Symbol]                       0x080010b4   Section        0  stm32f1xx_hal_adc.o(.text.HAL_ADC_ConfigChannel)
    [Anonymous Symbol]                       0x08001240   Section        0  main.o(.text.HAL_ADC_ConvCpltCallback)
    [Anonymous Symbol]                       0x08001264   Section        0  stm32f1xx_hal_adc.o(.text.HAL_ADC_ConvHalfCpltCallback)
    [Anonymous Symbol]                       0x08001268   Section        0  stm32f1xx_hal_adc.o(.text.HAL_ADC_ErrorCallback)
    [Anonymous Symbol]                       0x0800126c   Section        0  stm32f1xx_hal_adc.o(.text.HAL_ADC_Init)
    [Anonymous Symbol]                       0x080013c8   Section        0  stm32f1xx_hal_msp.o(.text.HAL_ADC_MspInit)
    [Anonymous Symbol]                       0x0800146c   Section        0  stm32f1xx_hal_adc.o(.text.HAL_ADC_Start_DMA)
    [Anonymous Symbol]                       0x08001584   Section        0  stm32f1xx_hal_dma.o(.text.HAL_DMA_IRQHandler)
    [Anonymous Symbol]                       0x08001724   Section        0  stm32f1xx_hal_dma.o(.text.HAL_DMA_Init)
    [Anonymous Symbol]                       0x080017ac   Section        0  stm32f1xx_hal_dma.o(.text.HAL_DMA_Start_IT)
    [Anonymous Symbol]                       0x08001848   Section        0  stm32f1xx_hal.o(.text.HAL_Delay)
    [Anonymous Symbol]                       0x08001870   Section        0  stm32f1xx_hal_gpio.o(.text.HAL_GPIO_Init)
    [Anonymous Symbol]                       0x08001a8c   Section        0  stm32f1xx_hal_gpio.o(.text.HAL_GPIO_ReadPin)
    [Anonymous Symbol]                       0x08001a98   Section        0  stm32f1xx_hal_gpio.o(.text.HAL_GPIO_WritePin)
    [Anonymous Symbol]                       0x08001aa4   Section        0  stm32f1xx_hal.o(.text.HAL_GetTick)
    [Anonymous Symbol]                       0x08001ab0   Section        0  stm32f1xx_hal.o(.text.HAL_IncTick)
    [Anonymous Symbol]                       0x08001acc   Section        0  stm32f1xx_hal.o(.text.HAL_Init)
    [Anonymous Symbol]                       0x08001af4   Section        0  stm32f1xx_hal.o(.text.HAL_InitTick)
    [Anonymous Symbol]                       0x08001b3c   Section        0  stm32f1xx_hal_msp.o(.text.HAL_MspInit)
    [Anonymous Symbol]                       0x08001b80   Section        0  stm32f1xx_hal_cortex.o(.text.HAL_NVIC_EnableIRQ)
    [Anonymous Symbol]                       0x08001ba8   Section        0  stm32f1xx_hal_cortex.o(.text.HAL_NVIC_SetPriority)
    [Anonymous Symbol]                       0x08001c00   Section        0  stm32f1xx_hal_cortex.o(.text.HAL_NVIC_SetPriorityGrouping)
    [Anonymous Symbol]                       0x08001c20   Section        0  stm32f1xx_hal_rcc_ex.o(.text.HAL_RCCEx_PeriphCLKConfig)
    [Anonymous Symbol]                       0x08001d2c   Section        0  stm32f1xx_hal_rcc.o(.text.HAL_RCC_ClockConfig)
    [Anonymous Symbol]                       0x08001eec   Section        0  stm32f1xx_hal_rcc.o(.text.HAL_RCC_OscConfig)
    [Anonymous Symbol]                       0x080022a0   Section        0  stm32f1xx_hal_cortex.o(.text.HAL_SYSTICK_Config)
    [Anonymous Symbol]                       0x080022cc   Section        0  stm32f1xx_hal_tim_ex.o(.text.HAL_TIMEx_ConfigBreakDeadTime)
    [Anonymous Symbol]                       0x08002318   Section        0  stm32f1xx_hal_tim_ex.o(.text.HAL_TIMEx_MasterConfigSynchronization)
    [Anonymous Symbol]                       0x08002394   Section        0  stm32f1xx_hal_tim_ex.o(.text.HAL_TIMEx_PWMN_Start)
    [Anonymous Symbol]                       0x0800245c   Section        0  stm32f1xx_hal_tim_ex.o(.text.HAL_TIMEx_PWMN_Stop)
    [Anonymous Symbol]                       0x080024f0   Section        0  stm32f1xx_hal_tim.o(.text.HAL_TIM_Base_Init)
    [Anonymous Symbol]                       0x080025dc   Section        0  stm32f1xx_hal_msp.o(.text.HAL_TIM_Base_MspInit)
    [Anonymous Symbol]                       0x0800260c   Section        0  stm32f1xx_hal_tim.o(.text.HAL_TIM_Base_Start)
    [Anonymous Symbol]                       0x08002674   Section        0  stm32f1xx_hal_tim.o(.text.HAL_TIM_ConfigClockSource)
    [Anonymous Symbol]                       0x08002810   Section        0  stm32f1xx_hal_msp.o(.text.HAL_TIM_MspPostInit)
    [Anonymous Symbol]                       0x0800288c   Section        0  stm32f1xx_hal_tim.o(.text.HAL_TIM_PWM_ConfigChannel)
    [Anonymous Symbol]                       0x08002a98   Section        0  stm32f1xx_hal_tim.o(.text.HAL_TIM_PWM_Init)
    [Anonymous Symbol]                       0x08002b84   Section        0  stm32f1xx_hal_msp.o(.text.HAL_TIM_PWM_MspInit)
    [Anonymous Symbol]                       0x08002bb8   Section        0  stm32f1xx_hal_tim.o(.text.HAL_TIM_PWM_Start)
    [Anonymous Symbol]                       0x08002c98   Section        0  stm32f1xx_hal_tim.o(.text.HAL_TIM_PWM_Stop)
    [Anonymous Symbol]                       0x08002d4c   Section        0  stm32f1xx_it.o(.text.HardFault_Handler)
    [Anonymous Symbol]                       0x08002d50   Section        0  stm32f1xx_it.o(.text.MemManage_Handler)
    [Anonymous Symbol]                       0x08002d54   Section        0  stm32f1xx_it.o(.text.NMI_Handler)
    [Anonymous Symbol]                       0x08002d58   Section        0  stm32f1xx_it.o(.text.PendSV_Handler)
    [Anonymous Symbol]                       0x08002d5c   Section        0  stm32f1xx_it.o(.text.SVC_Handler)
    [Anonymous Symbol]                       0x08002d60   Section        0  stm32f1xx_it.o(.text.SysTick_Handler)
    [Anonymous Symbol]                       0x08002d64   Section        0  system_stm32f1xx.o(.text.SystemInit)
    [Anonymous Symbol]                       0x08002d68   Section        0  stm32f1xx_it.o(.text.UsageFault_Handler)
    [Anonymous Symbol]                       0x08002d6c   Section        0  main.o(.text.controlADC)
    [Anonymous Symbol]                       0x08002e30   Section        0  lcd1602.o(.text.lcd_clear)
    [Anonymous Symbol]                       0x08002e4c   Section        0  lcd1602.o(.text.lcd_init)
    [Anonymous Symbol]                       0x08002f20   Section        0  lcd1602.o(.text.lcd_put_cur)
    [Anonymous Symbol]                       0x08002f50   Section        0  lcd1602.o(.text.lcd_send_string)
    [Anonymous Symbol]                       0x08002f7c   Section        0  main.o(.text.main)
    [Anonymous Symbol]                       0x08003340   Section        0  main.o(.text.menuControl)
    [Anonymous Symbol]                       0x08003464   Section        0  main.o(.text.pageName)
    [Anonymous Symbol]                       0x08003504   Section        0  main.o(.text.pageProcess)
    [Anonymous Symbol]                       0x0800416c   Section        0  lcd1602.o(.text.send_to_lcd)
    CL$$btod_d2e                             0x08004218   Section       62  btod.o(CL$$btod_d2e)
    CL$$btod_d2e_denorm_low                  0x08004256   Section       70  btod.o(CL$$btod_d2e_denorm_low)
    CL$$btod_d2e_norm_op1                    0x0800429c   Section       96  btod.o(CL$$btod_d2e_norm_op1)
    CL$$btod_div_common                      0x080042fc   Section      824  btod.o(CL$$btod_div_common)
    CL$$btod_e2e                             0x08004634   Section      220  btod.o(CL$$btod_e2e)
    CL$$btod_ediv                            0x08004710   Section       42  btod.o(CL$$btod_ediv)
    CL$$btod_emul                            0x0800473a   Section       42  btod.o(CL$$btod_emul)
    CL$$btod_mult_common                     0x08004764   Section      580  btod.o(CL$$btod_mult_common)
    i.__ARM_fpclassify                       0x080049a8   Section        0  fpclassify.o(i.__ARM_fpclassify)
    i._is_digit                              0x080049d0   Section        0  __printf_wp.o(i._is_digit)
    locale$$code                             0x080049e0   Section       44  lc_numeric_c.o(locale$$code)
    x$fpl$d2f                                0x08004a0c   Section       98  d2f.o(x$fpl$d2f)
    x$fpl$dadd                               0x08004a70   Section      336  daddsub_clz.o(x$fpl$dadd)
    _dadd1                                   0x08004a81   Thumb Code     0  daddsub_clz.o(x$fpl$dadd)
    x$fpl$dnaninf                            0x08004bc0   Section      156  dnaninf.o(x$fpl$dnaninf)
    x$fpl$dretinf                            0x08004c5c   Section       12  dretinf.o(x$fpl$dretinf)
    x$fpl$dsub                               0x08004c68   Section      476  daddsub_clz.o(x$fpl$dsub)
    _dsub1                                   0x08004c79   Thumb Code     0  daddsub_clz.o(x$fpl$dsub)
    x$fpl$f2d                                0x08004e44   Section       86  f2d.o(x$fpl$f2d)
    x$fpl$fnaninf                            0x08004e9a   Section      140  fnaninf.o(x$fpl$fnaninf)
    x$fpl$fretinf                            0x08004f26   Section       10  fretinf.o(x$fpl$fretinf)
    x$fpl$printf1                            0x08004f30   Section        4  printf1.o(x$fpl$printf1)
    x$fpl$printf2                            0x08004f34   Section        4  printf2.o(x$fpl$printf2)
    maptable                                 0x08004f38   Data          17  __printf_flags_ss_wp.o(.constdata)
    .constdata                               0x08004f38   Section       17  __printf_flags_ss_wp.o(.constdata)
    x$fpl$usenofp                            0x08004f38   Section        0  usenofp.o(x$fpl$usenofp)
    lc_hextab                                0x08004f49   Data          19  _printf_fp_hex.o(.constdata)
    .constdata                               0x08004f49   Section       38  _printf_fp_hex.o(.constdata)
    uc_hextab                                0x08004f5c   Data          19  _printf_fp_hex.o(.constdata)
    tenpwrs_x                                0x08004f70   Data          60  bigflt0.o(.constdata)
    .constdata                               0x08004f70   Section      148  bigflt0.o(.constdata)
    tenpwrs_i                                0x08004fac   Data          64  bigflt0.o(.constdata)
    HAL_RCC_GetSysClockFreq.aPredivFactorTable 0x08005014   Data           2  stm32f1xx_hal_rcc.o(.rodata.HAL_RCC_GetSysClockFreq.aPredivFactorTable)
    [Anonymous Symbol]                       0x08005014   Section        0  stm32f1xx_hal_rcc.o(.rodata.HAL_RCC_GetSysClockFreq.aPredivFactorTable)
    HAL_RCC_GetSysClockFreq.aPLLMULFactorTable 0x08005016   Data          16  stm32f1xx_hal_rcc.o(.rodata.cst16)
    [Anonymous Symbol]                       0x08005016   Section        0  stm32f1xx_hal_rcc.o(.rodata.cst16)
    .L.str                                   0x08005026   Data          13  main.o(.rodata.str1.1)
    [Anonymous Symbol]                       0x08005026   Section        0  main.o(.rodata.str1.1)
    .L.str.1                                 0x08005033   Data          13  main.o(.rodata.str1.1)
    .L.str.14                                0x08005040   Data           8  main.o(.rodata.str1.1)
    .L.str.15                                0x08005048   Data           8  main.o(.rodata.str1.1)
    .L.str.9                                 0x08005050   Data          16  main.o(.rodata.str1.1)
    .L.str.8                                 0x08005060   Data          16  main.o(.rodata.str1.1)
    .L.str.10                                0x08005070   Data          10  main.o(.rodata.str1.1)
    .L.str.5                                 0x0800507a   Data          11  main.o(.rodata.str1.1)
    .L.str.4                                 0x08005085   Data          14  main.o(.rodata.str1.1)
    .L.str.18                                0x08005093   Data          10  main.o(.rodata.str1.1)
    .L.str.19                                0x0800509d   Data          14  main.o(.rodata.str1.1)
    .L.str.17                                0x080050ab   Data          14  main.o(.rodata.str1.1)
    .L.str.13                                0x080050b9   Data          14  main.o(.rodata.str1.1)
    .L.str.6                                 0x080050c7   Data           8  main.o(.rodata.str1.1)
    .L.str.7                                 0x080050cf   Data           8  main.o(.rodata.str1.1)
    .L.str.23                                0x080050d7   Data          13  main.o(.rodata.str1.1)
    .L.str.20                                0x080050e4   Data           8  main.o(.rodata.str1.1)
    locale$$data                             0x0800510c   Section       28  lc_numeric_c.o(locale$$data)
    __lcnum_c_name                           0x08005110   Data           2  lc_numeric_c.o(locale$$data)
    __lcnum_c_start                          0x08005118   Data           0  lc_numeric_c.o(locale$$data)
    __lcnum_c_point                          0x08005124   Data           0  lc_numeric_c.o(locale$$data)
    __lcnum_c_thousands                      0x08005126   Data           0  lc_numeric_c.o(locale$$data)
    __lcnum_c_grouping                       0x08005127   Data           0  lc_numeric_c.o(locale$$data)
    __lcnum_c_end                            0x08005128   Data           0  lc_numeric_c.o(locale$$data)
    .L_MergedGlobals                         0x20000000   Data          88  main.o(.data..L_MergedGlobals)
    [Anonymous Symbol]                       0x20000000   Section        0  main.o(.data..L_MergedGlobals)
    .L_MergedGlobals                         0x20000058   Data           8  stm32f1xx_hal.o(.data..L_MergedGlobals)
    [Anonymous Symbol]                       0x20000058   Section        0  stm32f1xx_hal.o(.data..L_MergedGlobals)
    .bss                                     0x20000068   Section       96  libspace.o(.bss)
    .L_MergedGlobals.29                      0x200000c8   Data          76  main.o(.bss..L_MergedGlobals.29)
    [Anonymous Symbol]                       0x200000c8   Section        0  main.o(.bss..L_MergedGlobals.29)
    Heap_Mem                                 0x200001f0   Data         512  startup_stm32f103xb.o(HEAP)
    HEAP                                     0x200001f0   Section      512  startup_stm32f103xb.o(HEAP)
    Stack_Mem                                0x200003f0   Data        1024  startup_stm32f103xb.o(STACK)
    STACK                                    0x200003f0   Section     1024  startup_stm32f103xb.o(STACK)
    __initial_sp                             0x200007f0   Data           0  startup_stm32f103xb.o(STACK)

    Global Symbols

    Symbol Name                              Value     Ov Type        Size  Object(Section)

    BuildAttributes$$THM_ISAv4$P$D$K$B$S$PE$A:L22UL41UL21$X:L11$S22US41US21$IEEE1$IW$~IW$USESV6$~STKCKD$USESV7$~SHL$OTIME$ROPI$IEEEJ$EBA8$UX$STANDARDLIB$REQ8$PRES8$EABIv2 0x00000000   Number         0  anon$$obj.o ABSOLUTE
    __fp_init_empty                          0x00000000   Number         0  fpinit_empty.o ABSOLUTE
    _printf_flags                            0x00000000   Number         0  printf_stubs.o ABSOLUTE
    _printf_return_value                     0x00000000   Number         0  printf_stubs.o ABSOLUTE
    _printf_sizespec                         0x00000000   Number         0  printf_stubs.o ABSOLUTE
    _printf_widthprec                        0x00000000   Number         0  printf_stubs.o ABSOLUTE
    __ARM_exceptions_init                     - Undefined Weak Reference
    __alloca_initialize                       - Undefined Weak Reference
    __arm_preinit_                            - Undefined Weak Reference
    __arm_relocate_pie_                       - Undefined Weak Reference
    __cpp_initialize__aeabi_                  - Undefined Weak Reference
    __cxa_finalize                            - Undefined Weak Reference
    __sigvec_lookup                           - Undefined Weak Reference
    _atexit_init                              - Undefined Weak Reference
    _call_atexit_fns                          - Undefined Weak Reference
    _clock_init                               - Undefined Weak Reference
    _fp_trap_init                             - Undefined Weak Reference
    _fp_trap_shutdown                         - Undefined Weak Reference
    _get_lc_collate                           - Undefined Weak Reference
    _get_lc_ctype                             - Undefined Weak Reference
    _get_lc_monetary                          - Undefined Weak Reference
    _get_lc_time                              - Undefined Weak Reference
    _getenv_init                              - Undefined Weak Reference
    _handle_redirection                       - Undefined Weak Reference
    _init_alloc                               - Undefined Weak Reference
    _init_user_alloc                          - Undefined Weak Reference
    _initio                                   - Undefined Weak Reference
    _printf_truncate_signed                   - Undefined Weak Reference
    _printf_truncate_unsigned                 - Undefined Weak Reference
    _rand_init                                - Undefined Weak Reference
    _signal_finish                            - Undefined Weak Reference
    _signal_init                              - Undefined Weak Reference
    _terminate_alloc                          - Undefined Weak Reference
    _terminate_user_alloc                     - Undefined Weak Reference
    _terminateio                              - Undefined Weak Reference
    __Vectors_Size                           0x000000ec   Number         0  startup_stm32f103xb.o ABSOLUTE
    __Vectors                                0x08000000   Data           4  startup_stm32f103xb.o(RESET)
    __Vectors_End                            0x080000ec   Data           0  startup_stm32f103xb.o(RESET)
    __main                                   0x080000ed   Thumb Code     8  __main.o(!!!main)
    __scatterload                            0x080000f5   Thumb Code     0  __scatter.o(!!!scatter)
    __scatterload_rt2                        0x080000f5   Thumb Code    44  __scatter.o(!!!scatter)
    __scatterload_rt2_thumb_only             0x080000f5   Thumb Code     0  __scatter.o(!!!scatter)
    __scatterload_null                       0x08000103   Thumb Code     0  __scatter.o(!!!scatter)
    __scatterload_copy                       0x08000129   Thumb Code    26  __scatter_copy.o(!!handler_copy)
    __scatterload_zeroinit                   0x08000145   Thumb Code    28  __scatter_zi.o(!!handler_zi)
    _printf_f                                0x08000161   Thumb Code     0  _printf_f.o(.ARM.Collect$$_printf_percent$$00000003)
    _printf_percent                          0x08000161   Thumb Code     0  _printf_percent.o(.ARM.Collect$$_printf_percent$$00000000)
    _printf_e                                0x08000167   Thumb Code     0  _printf_e.o(.ARM.Collect$$_printf_percent$$00000004)
    _printf_g                                0x0800016d   Thumb Code     0  _printf_g.o(.ARM.Collect$$_printf_percent$$00000005)
    _printf_a                                0x08000173   Thumb Code     0  _printf_a.o(.ARM.Collect$$_printf_percent$$00000006)
    _printf_d                                0x08000179   Thumb Code     0  _printf_d.o(.ARM.Collect$$_printf_percent$$00000009)
    _printf_percent_end                      0x0800017f   Thumb Code     0  _printf_percent_end.o(.ARM.Collect$$_printf_percent$$00000017)
    __rt_lib_init                            0x08000183   Thumb Code     0  libinit.o(.ARM.Collect$$libinit$$00000000)
    __rt_lib_init_fp_1                       0x08000185   Thumb Code     0  libinit2.o(.ARM.Collect$$libinit$$00000002)
    __rt_lib_init_heap_1                     0x08000185   Thumb Code     0  libinit2.o(.ARM.Collect$$libinit$$0000000C)
    __rt_lib_init_lc_common                  0x08000185   Thumb Code     0  libinit2.o(.ARM.Collect$$libinit$$00000011)
    __rt_lib_init_preinit_1                  0x08000185   Thumb Code     0  libinit2.o(.ARM.Collect$$libinit$$00000006)
    __rt_lib_init_rand_1                     0x08000185   Thumb Code     0  libinit2.o(.ARM.Collect$$libinit$$00000010)
    __rt_lib_init_relocate_pie_1             0x08000185   Thumb Code     0  libinit2.o(.ARM.Collect$$libinit$$00000004)
    __rt_lib_init_user_alloc_1               0x08000185   Thumb Code     0  libinit2.o(.ARM.Collect$$libinit$$0000000E)
    __rt_lib_init_lc_collate_1               0x0800018b   Thumb Code     0  libinit2.o(.ARM.Collect$$libinit$$00000013)
    __rt_lib_init_lc_ctype_1                 0x0800018b   Thumb Code     0  libinit2.o(.ARM.Collect$$libinit$$00000015)
    __rt_lib_init_lc_monetary_1              0x0800018b   Thumb Code     0  libinit2.o(.ARM.Collect$$libinit$$00000017)
    __rt_lib_init_lc_numeric_2               0x0800018b   Thumb Code     0  libinit2.o(.ARM.Collect$$libinit$$00000018)
    __rt_lib_init_alloca_1                   0x08000195   Thumb Code     0  libinit2.o(.ARM.Collect$$libinit$$00000030)
    __rt_lib_init_argv_1                     0x08000195   Thumb Code     0  libinit2.o(.ARM.Collect$$libinit$$0000002E)
    __rt_lib_init_atexit_1                   0x08000195   Thumb Code     0  libinit2.o(.ARM.Collect$$libinit$$0000001D)
    __rt_lib_init_clock_1                    0x08000195   Thumb Code     0  libinit2.o(.ARM.Collect$$libinit$$00000023)
    __rt_lib_init_cpp_1                      0x08000195   Thumb Code     0  libinit2.o(.ARM.Collect$$libinit$$00000034)
    __rt_lib_init_exceptions_1               0x08000195   Thumb Code     0  libinit2.o(.ARM.Collect$$libinit$$00000032)
    __rt_lib_init_fp_trap_1                  0x08000195   Thumb Code     0  libinit2.o(.ARM.Collect$$libinit$$00000021)
    __rt_lib_init_getenv_1                   0x08000195   Thumb Code     0  libinit2.o(.ARM.Collect$$libinit$$00000025)
    __rt_lib_init_lc_numeric_1               0x08000195   Thumb Code     0  libinit2.o(.ARM.Collect$$libinit$$00000019)
    __rt_lib_init_lc_time_1                  0x08000195   Thumb Code     0  libinit2.o(.ARM.Collect$$libinit$$0000001B)
    __rt_lib_init_return                     0x08000195   Thumb Code     0  libinit2.o(.ARM.Collect$$libinit$$00000035)
    __rt_lib_init_signal_1                   0x08000195   Thumb Code     0  libinit2.o(.ARM.Collect$$libinit$$0000001F)
    __rt_lib_init_stdio_1                    0x08000195   Thumb Code     0  libinit2.o(.ARM.Collect$$libinit$$00000027)
    __rt_lib_shutdown                        0x08000197   Thumb Code     0  libshutdown.o(.ARM.Collect$$libshutdown$$00000000)
    __rt_lib_shutdown_cpp_1                  0x08000199   Thumb Code     0  libshutdown2.o(.ARM.Collect$$libshutdown$$00000002)
    __rt_lib_shutdown_fp_trap_1              0x08000199   Thumb Code     0  libshutdown2.o(.ARM.Collect$$libshutdown$$00000007)
    __rt_lib_shutdown_heap_1                 0x08000199   Thumb Code     0  libshutdown2.o(.ARM.Collect$$libshutdown$$0000000F)
    __rt_lib_shutdown_return                 0x08000199   Thumb Code     0  libshutdown2.o(.ARM.Collect$$libshutdown$$00000010)
    __rt_lib_shutdown_signal_1               0x08000199   Thumb Code     0  libshutdown2.o(.ARM.Collect$$libshutdown$$0000000A)
    __rt_lib_shutdown_stdio_1                0x08000199   Thumb Code     0  libshutdown2.o(.ARM.Collect$$libshutdown$$00000004)
    __rt_lib_shutdown_user_alloc_1           0x08000199   Thumb Code     0  libshutdown2.o(.ARM.Collect$$libshutdown$$0000000C)
    __rt_entry                               0x0800019b   Thumb Code     0  __rtentry.o(.ARM.Collect$$rtentry$$00000000)
    __rt_entry_presh_1                       0x0800019b   Thumb Code     0  __rtentry2.o(.ARM.Collect$$rtentry$$00000002)
    __rt_entry_sh                            0x0800019b   Thumb Code     0  __rtentry4.o(.ARM.Collect$$rtentry$$00000004)
    __rt_entry_li                            0x080001a1   Thumb Code     0  __rtentry2.o(.ARM.Collect$$rtentry$$0000000A)
    __rt_entry_postsh_1                      0x080001a1   Thumb Code     0  __rtentry2.o(.ARM.Collect$$rtentry$$00000009)
    __rt_entry_main                          0x080001a5   Thumb Code     0  __rtentry2.o(.ARM.Collect$$rtentry$$0000000D)
    __rt_entry_postli_1                      0x080001a5   Thumb Code     0  __rtentry2.o(.ARM.Collect$$rtentry$$0000000C)
    __rt_exit                                0x080001ad   Thumb Code     0  rtexit.o(.ARM.Collect$$rtexit$$00000000)
    __rt_exit_ls                             0x080001af   Thumb Code     0  rtexit2.o(.ARM.Collect$$rtexit$$00000003)
    __rt_exit_prels_1                        0x080001af   Thumb Code     0  rtexit2.o(.ARM.Collect$$rtexit$$00000002)
    __rt_exit_exit                           0x080001b3   Thumb Code     0  rtexit2.o(.ARM.Collect$$rtexit$$00000004)
    Reset_Handler                            0x080001b9   Thumb Code     8  startup_stm32f103xb.o(.text)
    ADC1_2_IRQHandler                        0x080001d3   Thumb Code     0  startup_stm32f103xb.o(.text)
    CAN1_RX1_IRQHandler                      0x080001d3   Thumb Code     0  startup_stm32f103xb.o(.text)
    CAN1_SCE_IRQHandler                      0x080001d3   Thumb Code     0  startup_stm32f103xb.o(.text)
    DMA1_Channel2_IRQHandler                 0x080001d3   Thumb Code     0  startup_stm32f103xb.o(.text)
    DMA1_Channel3_IRQHandler                 0x080001d3   Thumb Code     0  startup_stm32f103xb.o(.text)
    DMA1_Channel4_IRQHandler                 0x080001d3   Thumb Code     0  startup_stm32f103xb.o(.text)
    DMA1_Channel5_IRQHandler                 0x080001d3   Thumb Code     0  startup_stm32f103xb.o(.text)
    DMA1_Channel6_IRQHandler                 0x080001d3   Thumb Code     0  startup_stm32f103xb.o(.text)
    DMA1_Channel7_IRQHandler                 0x080001d3   Thumb Code     0  startup_stm32f103xb.o(.text)
    EXTI0_IRQHandler                         0x080001d3   Thumb Code     0  startup_stm32f103xb.o(.text)
    EXTI15_10_IRQHandler                     0x080001d3   Thumb Code     0  startup_stm32f103xb.o(.text)
    EXTI1_IRQHandler                         0x080001d3   Thumb Code     0  startup_stm32f103xb.o(.text)
    EXTI2_IRQHandler                         0x080001d3   Thumb Code     0  startup_stm32f103xb.o(.text)
    EXTI3_IRQHandler                         0x080001d3   Thumb Code     0  startup_stm32f103xb.o(.text)
    EXTI4_IRQHandler                         0x080001d3   Thumb Code     0  startup_stm32f103xb.o(.text)
    EXTI9_5_IRQHandler                       0x080001d3   Thumb Code     0  startup_stm32f103xb.o(.text)
    FLASH_IRQHandler                         0x080001d3   Thumb Code     0  startup_stm32f103xb.o(.text)
    I2C1_ER_IRQHandler                       0x080001d3   Thumb Code     0  startup_stm32f103xb.o(.text)
    I2C1_EV_IRQHandler                       0x080001d3   Thumb Code     0  startup_stm32f103xb.o(.text)
    I2C2_ER_IRQHandler                       0x080001d3   Thumb Code     0  startup_stm32f103xb.o(.text)
    I2C2_EV_IRQHandler                       0x080001d3   Thumb Code     0  startup_stm32f103xb.o(.text)
    PVD_IRQHandler                           0x080001d3   Thumb Code     0  startup_stm32f103xb.o(.text)
    RCC_IRQHandler                           0x080001d3   Thumb Code     0  startup_stm32f103xb.o(.text)
    RTC_Alarm_IRQHandler                     0x080001d3   Thumb Code     0  startup_stm32f103xb.o(.text)
    RTC_IRQHandler                           0x080001d3   Thumb Code     0  startup_stm32f103xb.o(.text)
    SPI1_IRQHandler                          0x080001d3   Thumb Code     0  startup_stm32f103xb.o(.text)
    SPI2_IRQHandler                          0x080001d3   Thumb Code     0  startup_stm32f103xb.o(.text)
    TAMPER_IRQHandler                        0x080001d3   Thumb Code     0  startup_stm32f103xb.o(.text)
    TIM1_BRK_IRQHandler                      0x080001d3   Thumb Code     0  startup_stm32f103xb.o(.text)
    TIM1_CC_IRQHandler                       0x080001d3   Thumb Code     0  startup_stm32f103xb.o(.text)
    TIM1_TRG_COM_IRQHandler                  0x080001d3   Thumb Code     0  startup_stm32f103xb.o(.text)
    TIM1_UP_IRQHandler                       0x080001d3   Thumb Code     0  startup_stm32f103xb.o(.text)
    TIM2_IRQHandler                          0x080001d3   Thumb Code     0  startup_stm32f103xb.o(.text)
    TIM3_IRQHandler                          0x080001d3   Thumb Code     0  startup_stm32f103xb.o(.text)
    TIM4_IRQHandler                          0x080001d3   Thumb Code     0  startup_stm32f103xb.o(.text)
    USART1_IRQHandler                        0x080001d3   Thumb Code     0  startup_stm32f103xb.o(.text)
    USART2_IRQHandler                        0x080001d3   Thumb Code     0  startup_stm32f103xb.o(.text)
    USART3_IRQHandler                        0x080001d3   Thumb Code     0  startup_stm32f103xb.o(.text)
    USBWakeUp_IRQHandler                     0x080001d3   Thumb Code     0  startup_stm32f103xb.o(.text)
    USB_HP_CAN1_TX_IRQHandler                0x080001d3   Thumb Code     0  startup_stm32f103xb.o(.text)
    USB_LP_CAN1_RX0_IRQHandler               0x080001d3   Thumb Code     0  startup_stm32f103xb.o(.text)
    WWDG_IRQHandler                          0x080001d3   Thumb Code     0  startup_stm32f103xb.o(.text)
    __user_initial_stackheap                 0x080001d5   Thumb Code     0  startup_stm32f103xb.o(.text)
    __2sprintf                               0x080001f9   Thumb Code    34  noretval__2sprintf.o(.text)
    _printf_pre_padding                      0x08000221   Thumb Code    44  _printf_pad.o(.text)
    _printf_post_padding                     0x0800024d   Thumb Code    34  _printf_pad.o(.text)
    _printf_int_dec                          0x08000271   Thumb Code   104  _printf_dec.o(.text)
    __printf                                 0x080002e9   Thumb Code   388  __printf_flags_ss_wp.o(.text)
    __use_two_region_memory                  0x08000471   Thumb Code     2  heapauxi.o(.text)
    __rt_heap_escrow$2region                 0x08000473   Thumb Code     2  heapauxi.o(.text)
    __rt_heap_expand$2region                 0x08000475   Thumb Code     2  heapauxi.o(.text)
    _printf_int_common                       0x08000477   Thumb Code   178  _printf_intcommon.o(.text)
    _printf_fp_dec_real                      0x080006d9   Thumb Code   620  _printf_fp_dec.o(.text)
    _printf_fp_hex_real                      0x08000945   Thumb Code   756  _printf_fp_hex.o(.text)
    _printf_char_common                      0x08000c4b   Thumb Code    32  _printf_char_common.o(.text)
    _sputc                                   0x08000c71   Thumb Code    10  _sputc.o(.text)
    __rt_locale                              0x08000c7d   Thumb Code     8  rt_locale_intlibspace.o(.text)
    _ll_udiv10                               0x08000c85   Thumb Code   138  lludiv10.o(.text)
    _printf_fp_infnan                        0x08000d11   Thumb Code   112  _printf_fp_infnan.o(.text)
    _btod_etento                             0x08000d91   Thumb Code   224  bigflt0.o(.text)
    __user_libspace                          0x08000e75   Thumb Code     8  libspace.o(.text)
    __user_perproc_libspace                  0x08000e75   Thumb Code     0  libspace.o(.text)
    __user_perthread_libspace                0x08000e75   Thumb Code     0  libspace.o(.text)
    __user_setup_stackheap                   0x08000e7d   Thumb Code    74  sys_stackheap_outer.o(.text)
    exit                                     0x08000ec7   Thumb Code    18  exit.o(.text)
    strcmp                                   0x08000ed9   Thumb Code   128  strcmpv7m.o(.text)
    _sys_exit                                0x08000f59   Thumb Code     8  sys_exit.o(.text)
    __I$use$semihosting                      0x08000f65   Thumb Code     0  use_no_semi.o(.text)
    __use_no_semihosting_swi                 0x08000f65   Thumb Code     2  use_no_semi.o(.text)
    __semihosting_library_function           0x08000f67   Thumb Code     0  indicate_semi.o(.text)
    ADC_DMAConvCplt                          0x08000f69   Thumb Code    82  stm32f1xx_hal_adc.o(.text.ADC_DMAConvCplt)
    ADC_DMAError                             0x08000fbd   Thumb Code    22  stm32f1xx_hal_adc.o(.text.ADC_DMAError)
    ADC_DMAHalfConvCplt                      0x08000fd5   Thumb Code     6  stm32f1xx_hal_adc.o(.text.ADC_DMAHalfConvCplt)
    ADC_Enable                               0x08000fdd   Thumb Code   182  stm32f1xx_hal_adc.o(.text.ADC_Enable)
    BusFault_Handler                         0x08001095   Thumb Code     2  stm32f1xx_it.o(.text.BusFault_Handler)
    DMA1_Channel1_IRQHandler                 0x08001099   Thumb Code    12  stm32f1xx_it.o(.text.DMA1_Channel1_IRQHandler)
    DebugMon_Handler                         0x080010a5   Thumb Code     2  stm32f1xx_it.o(.text.DebugMon_Handler)
    Error_Handler                            0x080010a9   Thumb Code    10  main.o(.text.Error_Handler)
    HAL_ADC_ConfigChannel                    0x080010b5   Thumb Code   396  stm32f1xx_hal_adc.o(.text.HAL_ADC_ConfigChannel)
    HAL_ADC_ConvCpltCallback                 0x08001241   Thumb Code    34  main.o(.text.HAL_ADC_ConvCpltCallback)
    HAL_ADC_ConvHalfCpltCallback             0x08001265   Thumb Code     2  stm32f1xx_hal_adc.o(.text.HAL_ADC_ConvHalfCpltCallback)
    HAL_ADC_ErrorCallback                    0x08001269   Thumb Code     2  stm32f1xx_hal_adc.o(.text.HAL_ADC_ErrorCallback)
    HAL_ADC_Init                             0x0800126d   Thumb Code   348  stm32f1xx_hal_adc.o(.text.HAL_ADC_Init)
    HAL_ADC_MspInit                          0x080013c9   Thumb Code   164  stm32f1xx_hal_msp.o(.text.HAL_ADC_MspInit)
    HAL_ADC_Start_DMA                        0x0800146d   Thumb Code   280  stm32f1xx_hal_adc.o(.text.HAL_ADC_Start_DMA)
    HAL_DMA_IRQHandler                       0x08001585   Thumb Code   416  stm32f1xx_hal_dma.o(.text.HAL_DMA_IRQHandler)
    HAL_DMA_Init                             0x08001725   Thumb Code   136  stm32f1xx_hal_dma.o(.text.HAL_DMA_Init)
    HAL_DMA_Start_IT                         0x080017ad   Thumb Code   156  stm32f1xx_hal_dma.o(.text.HAL_DMA_Start_IT)
    HAL_Delay                                0x08001849   Thumb Code    40  stm32f1xx_hal.o(.text.HAL_Delay)
    HAL_GPIO_Init                            0x08001871   Thumb Code   538  stm32f1xx_hal_gpio.o(.text.HAL_GPIO_Init)
    HAL_GPIO_ReadPin                         0x08001a8d   Thumb Code    10  stm32f1xx_hal_gpio.o(.text.HAL_GPIO_ReadPin)
    HAL_GPIO_WritePin                        0x08001a99   Thumb Code    10  stm32f1xx_hal_gpio.o(.text.HAL_GPIO_WritePin)
    HAL_GetTick                              0x08001aa5   Thumb Code    12  stm32f1xx_hal.o(.text.HAL_GetTick)
    HAL_IncTick                              0x08001ab1   Thumb Code    26  stm32f1xx_hal.o(.text.HAL_IncTick)
    HAL_Init                                 0x08001acd   Thumb Code    38  stm32f1xx_hal.o(.text.HAL_Init)
    HAL_InitTick                             0x08001af5   Thumb Code    72  stm32f1xx_hal.o(.text.HAL_InitTick)
    HAL_MspInit                              0x08001b3d   Thumb Code    66  stm32f1xx_hal_msp.o(.text.HAL_MspInit)
    HAL_NVIC_EnableIRQ                       0x08001b81   Thumb Code    38  stm32f1xx_hal_cortex.o(.text.HAL_NVIC_EnableIRQ)
    HAL_NVIC_SetPriority                     0x08001ba9   Thumb Code    86  stm32f1xx_hal_cortex.o(.text.HAL_NVIC_SetPriority)
    HAL_NVIC_SetPriorityGrouping             0x08001c01   Thumb Code    32  stm32f1xx_hal_cortex.o(.text.HAL_NVIC_SetPriorityGrouping)
    HAL_RCCEx_PeriphCLKConfig                0x08001c21   Thumb Code   266  stm32f1xx_hal_rcc_ex.o(.text.HAL_RCCEx_PeriphCLKConfig)
    HAL_RCC_ClockConfig                      0x08001d2d   Thumb Code   446  stm32f1xx_hal_rcc.o(.text.HAL_RCC_ClockConfig)
    HAL_RCC_OscConfig                        0x08001eed   Thumb Code   948  stm32f1xx_hal_rcc.o(.text.HAL_RCC_OscConfig)
    HAL_SYSTICK_Config                       0x080022a1   Thumb Code    44  stm32f1xx_hal_cortex.o(.text.HAL_SYSTICK_Config)
    HAL_TIMEx_ConfigBreakDeadTime            0x080022cd   Thumb Code    76  stm32f1xx_hal_tim_ex.o(.text.HAL_TIMEx_ConfigBreakDeadTime)
    HAL_TIMEx_MasterConfigSynchronization    0x08002319   Thumb Code   122  stm32f1xx_hal_tim_ex.o(.text.HAL_TIMEx_MasterConfigSynchronization)
    HAL_TIMEx_PWMN_Start                     0x08002395   Thumb Code   198  stm32f1xx_hal_tim_ex.o(.text.HAL_TIMEx_PWMN_Start)
    HAL_TIMEx_PWMN_Stop                      0x0800245d   Thumb Code   146  stm32f1xx_hal_tim_ex.o(.text.HAL_TIMEx_PWMN_Stop)
    HAL_TIM_Base_Init                        0x080024f1   Thumb Code   236  stm32f1xx_hal_tim.o(.text.HAL_TIM_Base_Init)
    HAL_TIM_Base_MspInit                     0x080025dd   Thumb Code    46  stm32f1xx_hal_msp.o(.text.HAL_TIM_Base_MspInit)
    HAL_TIM_Base_Start                       0x0800260d   Thumb Code   102  stm32f1xx_hal_tim.o(.text.HAL_TIM_Base_Start)
    HAL_TIM_ConfigClockSource                0x08002675   Thumb Code   412  stm32f1xx_hal_tim.o(.text.HAL_TIM_ConfigClockSource)
    HAL_TIM_MspPostInit                      0x08002811   Thumb Code   122  stm32f1xx_hal_msp.o(.text.HAL_TIM_MspPostInit)
    HAL_TIM_PWM_ConfigChannel                0x0800288d   Thumb Code   524  stm32f1xx_hal_tim.o(.text.HAL_TIM_PWM_ConfigChannel)
    HAL_TIM_PWM_Init                         0x08002a99   Thumb Code   236  stm32f1xx_hal_tim.o(.text.HAL_TIM_PWM_Init)
    HAL_TIM_PWM_MspInit                      0x08002b85   Thumb Code    50  stm32f1xx_hal_msp.o(.text.HAL_TIM_PWM_MspInit)
    HAL_TIM_PWM_Start                        0x08002bb9   Thumb Code   222  stm32f1xx_hal_tim.o(.text.HAL_TIM_PWM_Start)
    HAL_TIM_PWM_Stop                         0x08002c99   Thumb Code   178  stm32f1xx_hal_tim.o(.text.HAL_TIM_PWM_Stop)
    HardFault_Handler                        0x08002d4d   Thumb Code     2  stm32f1xx_it.o(.text.HardFault_Handler)
    MemManage_Handler                        0x08002d51   Thumb Code     2  stm32f1xx_it.o(.text.MemManage_Handler)
    NMI_Handler                              0x08002d55   Thumb Code     2  stm32f1xx_it.o(.text.NMI_Handler)
    PendSV_Handler                           0x08002d59   Thumb Code     2  stm32f1xx_it.o(.text.PendSV_Handler)
    SVC_Handler                              0x08002d5d   Thumb Code     2  stm32f1xx_it.o(.text.SVC_Handler)
    SysTick_Handler                          0x08002d61   Thumb Code     4  stm32f1xx_it.o(.text.SysTick_Handler)
    SystemInit                               0x08002d65   Thumb Code     2  system_stm32f1xx.o(.text.SystemInit)
    UsageFault_Handler                       0x08002d69   Thumb Code     2  stm32f1xx_it.o(.text.UsageFault_Handler)
    controlADC                               0x08002d6d   Thumb Code   164  main.o(.text.controlADC)
    lcd_clear                                0x08002e31   Thumb Code    28  lcd1602.o(.text.lcd_clear)
    lcd_init                                 0x08002e4d   Thumb Code   210  lcd1602.o(.text.lcd_init)
    lcd_put_cur                              0x08002f21   Thumb Code    48  lcd1602.o(.text.lcd_put_cur)
    lcd_send_string                          0x08002f51   Thumb Code    42  lcd1602.o(.text.lcd_send_string)
    main                                     0x08002f7d   Thumb Code   928  main.o(.text.main)
    menuControl                              0x08003341   Thumb Code   290  main.o(.text.menuControl)
    pageName                                 0x08003465   Thumb Code   158  main.o(.text.pageName)
    pageProcess                              0x08003505   Thumb Code  3076  main.o(.text.pageProcess)
    send_to_lcd                              0x0800416d   Thumb Code   172  lcd1602.o(.text.send_to_lcd)
    _btod_d2e                                0x08004219   Thumb Code    62  btod.o(CL$$btod_d2e)
    _d2e_denorm_low                          0x08004257   Thumb Code    70  btod.o(CL$$btod_d2e_denorm_low)
    _d2e_norm_op1                            0x0800429d   Thumb Code    96  btod.o(CL$$btod_d2e_norm_op1)
    __btod_div_common                        0x080042fd   Thumb Code   696  btod.o(CL$$btod_div_common)
    _e2e                                     0x08004635   Thumb Code   220  btod.o(CL$$btod_e2e)
    _btod_ediv                               0x08004711   Thumb Code    42  btod.o(CL$$btod_ediv)
    _btod_emul                               0x0800473b   Thumb Code    42  btod.o(CL$$btod_emul)
    __btod_mult_common                       0x08004765   Thumb Code   580  btod.o(CL$$btod_mult_common)
    __ARM_fpclassify                         0x080049a9   Thumb Code    40  fpclassify.o(i.__ARM_fpclassify)
    _is_digit                                0x080049d1   Thumb Code    14  __printf_wp.o(i._is_digit)
    _get_lc_numeric                          0x080049e1   Thumb Code    44  lc_numeric_c.o(locale$$code)
    __aeabi_d2f                              0x08004a0d   Thumb Code     0  d2f.o(x$fpl$d2f)
    _d2f                                     0x08004a0d   Thumb Code    98  d2f.o(x$fpl$d2f)
    __aeabi_dadd                             0x08004a71   Thumb Code     0  daddsub_clz.o(x$fpl$dadd)
    _dadd                                    0x08004a71   Thumb Code   332  daddsub_clz.o(x$fpl$dadd)
    __fpl_dnaninf                            0x08004bc1   Thumb Code   156  dnaninf.o(x$fpl$dnaninf)
    __fpl_dretinf                            0x08004c5d   Thumb Code    12  dretinf.o(x$fpl$dretinf)
    __aeabi_dsub                             0x08004c69   Thumb Code     0  daddsub_clz.o(x$fpl$dsub)
    _dsub                                    0x08004c69   Thumb Code   472  daddsub_clz.o(x$fpl$dsub)
    __aeabi_f2d                              0x08004e45   Thumb Code     0  f2d.o(x$fpl$f2d)
    _f2d                                     0x08004e45   Thumb Code    86  f2d.o(x$fpl$f2d)
    __fpl_fnaninf                            0x08004e9b   Thumb Code   140  fnaninf.o(x$fpl$fnaninf)
    __fpl_fretinf                            0x08004f27   Thumb Code    10  fretinf.o(x$fpl$fretinf)
    _printf_fp_dec                           0x08004f31   Thumb Code     4  printf1.o(x$fpl$printf1)
    _printf_fp_hex                           0x08004f35   Thumb Code     4  printf2.o(x$fpl$printf2)
    __I$use$fp                               0x08004f38   Number         0  usenofp.o(x$fpl$usenofp)
    AHBPrescTable                            0x08005004   Data          16  system_stm32f1xx.o(.rodata.AHBPrescTable)
    Region$$Table$$Base                      0x080050ec   Number         0  anon$$obj.o(Region$$Table)
    Region$$Table$$Limit                     0x0800510c   Number         0  anon$$obj.o(Region$$Table)
    kp                                       0x20000000   Data           4  main.o(.data..L_MergedGlobals)
    ki                                       0x20000004   Data           4  main.o(.data..L_MergedGlobals)
    vol                                      0x20000008   Data          16  main.o(.data..L_MergedGlobals)
    fre                                      0x20000018   Data          16  main.o(.data..L_MergedGlobals)
    cur                                      0x20000028   Data          16  main.o(.data..L_MergedGlobals)
    cKI                                      0x20000038   Data          16  main.o(.data..L_MergedGlobals)
    cKP                                      0x20000048   Data          16  main.o(.data..L_MergedGlobals)
    uwTickFreq                               0x20000058   Data           1  stm32f1xx_hal.o(.data..L_MergedGlobals)
    uwTickPrio                               0x2000005c   Data           4  stm32f1xx_hal.o(.data..L_MergedGlobals)
    SystemCoreClock                          0x20000060   Data           4  system_stm32f1xx.o(.data.SystemCoreClock)
    __libspace_start                         0x20000068   Data          96  libspace.o(.bss)
    __temporary_stack_top$libspace           0x200000c8   Data           0  libspace.o(.bss)
    changePage                               0x200000c8   Data           4  main.o(.bss..L_MergedGlobals.29)
    frekans                                  0x200000cc   Data           4  main.o(.bss..L_MergedGlobals.29)
    period                                   0x200000d0   Data           4  main.o(.bss..L_MergedGlobals.29)
    adcBuffer                                0x200000d4   Data           8  main.o(.bss..L_MergedGlobals.29)
    data                                     0x200000dc   Data           8  main.o(.bss..L_MergedGlobals.29)
    hadc1                                    0x200000e4   Data          48  main.o(.bss..L_MergedGlobals.29)
    hdma_adc1                                0x20000114   Data          68  main.o(.bss.hdma_adc1)
    htim1                                    0x20000158   Data          72  main.o(.bss.htim1)
    htim2                                    0x200001a0   Data          72  main.o(.bss.htim2)
    uwTick                                   0x200001e8   Data           4  stm32f1xx_hal.o(.bss.uwTick)



==============================================================================

Memory Map of the image

  Image Entry point : 0x080000ed

  Load Region LR_IROM1 (Base: 0x08000000, Size: 0x00005190, Max: 0x00010000, ABSOLUTE)

    Execution Region ER_IROM1 (Exec base: 0x08000000, Load base: 0x08000000, Size: 0x00005128, Max: 0x00010000, ABSOLUTE)

    Exec Addr    Load Addr    Size         Type   Attr      Idx    E Section Name        Object

    0x08000000   0x08000000   0x000000ec   Data   RO            3    RESET               startup_stm32f103xb.o
    0x080000ec   0x080000ec   0x00000008   Code   RO          936  * !!!main             c_w.l(__main.o)
    0x080000f4   0x080000f4   0x00000034   Code   RO         1193    !!!scatter          c_w.l(__scatter.o)
    0x08000128   0x08000128   0x0000001a   Code   RO         1195    !!handler_copy      c_w.l(__scatter_copy.o)
    0x08000142   0x08000142   0x00000002   PAD
    0x08000144   0x08000144   0x0000001c   Code   RO         1197    !!handler_zi        c_w.l(__scatter_zi.o)
    0x08000160   0x08000160   0x00000000   Code   RO          931    .ARM.Collect$$_printf_percent$$00000000  c_w.l(_printf_percent.o)
    0x08000160   0x08000160   0x00000006   Code   RO          927    .ARM.Collect$$_printf_percent$$00000003  c_w.l(_printf_f.o)
    0x08000166   0x08000166   0x00000006   Code   RO          928    .ARM.Collect$$_printf_percent$$00000004  c_w.l(_printf_e.o)
    0x0800016c   0x0800016c   0x00000006   Code   RO          929    .ARM.Collect$$_printf_percent$$00000005  c_w.l(_printf_g.o)
    0x08000172   0x08000172   0x00000006   Code   RO          930    .ARM.Collect$$_printf_percent$$00000006  c_w.l(_printf_a.o)
    0x08000178   0x08000178   0x00000006   Code   RO          926    .ARM.Collect$$_printf_percent$$00000009  c_w.l(_printf_d.o)
    0x0800017e   0x0800017e   0x00000004   Code   RO          970    .ARM.Collect$$_printf_percent$$00000017  c_w.l(_printf_percent_end.o)
    0x08000182   0x08000182   0x00000002   Code   RO         1056    .ARM.Collect$$libinit$$00000000  c_w.l(libinit.o)
    0x08000184   0x08000184   0x00000000   Code   RO         1058    .ARM.Collect$$libinit$$00000002  c_w.l(libinit2.o)
    0x08000184   0x08000184   0x00000000   Code   RO         1060    .ARM.Collect$$libinit$$00000004  c_w.l(libinit2.o)
    0x08000184   0x08000184   0x00000000   Code   RO         1062    .ARM.Collect$$libinit$$00000006  c_w.l(libinit2.o)
    0x08000184   0x08000184   0x00000000   Code   RO         1065    .ARM.Collect$$libinit$$0000000C  c_w.l(libinit2.o)
    0x08000184   0x08000184   0x00000000   Code   RO         1067    .ARM.Collect$$libinit$$0000000E  c_w.l(libinit2.o)
    0x08000184   0x08000184   0x00000000   Code   RO         1069    .ARM.Collect$$libinit$$00000010  c_w.l(libinit2.o)
    0x08000184   0x08000184   0x00000006   Code   RO         1070    .ARM.Collect$$libinit$$00000011  c_w.l(libinit2.o)
    0x0800018a   0x0800018a   0x00000000   Code   RO         1072    .ARM.Collect$$libinit$$00000013  c_w.l(libinit2.o)
    0x0800018a   0x0800018a   0x00000000   Code   RO         1074    .ARM.Collect$$libinit$$00000015  c_w.l(libinit2.o)
    0x0800018a   0x0800018a   0x00000000   Code   RO         1076    .ARM.Collect$$libinit$$00000017  c_w.l(libinit2.o)
    0x0800018a   0x0800018a   0x0000000a   Code   RO         1077    .ARM.Collect$$libinit$$00000018  c_w.l(libinit2.o)
    0x08000194   0x08000194   0x00000000   Code   RO         1078    .ARM.Collect$$libinit$$00000019  c_w.l(libinit2.o)
    0x08000194   0x08000194   0x00000000   Code   RO         1080    .ARM.Collect$$libinit$$0000001B  c_w.l(libinit2.o)
    0x08000194   0x08000194   0x00000000   Code   RO         1082    .ARM.Collect$$libinit$$0000001D  c_w.l(libinit2.o)
    0x08000194   0x08000194   0x00000000   Code   RO         1084    .ARM.Collect$$libinit$$0000001F  c_w.l(libinit2.o)
    0x08000194   0x08000194   0x00000000   Code   RO         1086    .ARM.Collect$$libinit$$00000021  c_w.l(libinit2.o)
    0x08000194   0x08000194   0x00000000   Code   RO         1088    .ARM.Collect$$libinit$$00000023  c_w.l(libinit2.o)
    0x08000194   0x08000194   0x00000000   Code   RO         1090    .ARM.Collect$$libinit$$00000025  c_w.l(libinit2.o)
    0x08000194   0x08000194   0x00000000   Code   RO         1092    .ARM.Collect$$libinit$$00000027  c_w.l(libinit2.o)
    0x08000194   0x08000194   0x00000000   Code   RO         1096    .ARM.Collect$$libinit$$0000002E  c_w.l(libinit2.o)
    0x08000194   0x08000194   0x00000000   Code   RO         1098    .ARM.Collect$$libinit$$00000030  c_w.l(libinit2.o)
    0x08000194   0x08000194   0x00000000   Code   RO         1100    .ARM.Collect$$libinit$$00000032  c_w.l(libinit2.o)
    0x08000194   0x08000194   0x00000000   Code   RO         1102    .ARM.Collect$$libinit$$00000034  c_w.l(libinit2.o)
    0x08000194   0x08000194   0x00000002   Code   RO         1103    .ARM.Collect$$libinit$$00000035  c_w.l(libinit2.o)
    0x08000196   0x08000196   0x00000002   Code   RO         1139    .ARM.Collect$$libshutdown$$00000000  c_w.l(libshutdown.o)
    0x08000198   0x08000198   0x00000000   Code   RO         1150    .ARM.Collect$$libshutdown$$00000002  c_w.l(libshutdown2.o)
    0x08000198   0x08000198   0x00000000   Code   RO         1152    .ARM.Collect$$libshutdown$$00000004  c_w.l(libshutdown2.o)
    0x08000198   0x08000198   0x00000000   Code   RO         1155    .ARM.Collect$$libshutdown$$00000007  c_w.l(libshutdown2.o)
    0x08000198   0x08000198   0x00000000   Code   RO         1158    .ARM.Collect$$libshutdown$$0000000A  c_w.l(libshutdown2.o)
    0x08000198   0x08000198   0x00000000   Code   RO         1160    .ARM.Collect$$libshutdown$$0000000C  c_w.l(libshutdown2.o)
    0x08000198   0x08000198   0x00000000   Code   RO         1163    .ARM.Collect$$libshutdown$$0000000F  c_w.l(libshutdown2.o)
    0x08000198   0x08000198   0x00000002   Code   RO         1164    .ARM.Collect$$libshutdown$$00000010  c_w.l(libshutdown2.o)
    0x0800019a   0x0800019a   0x00000000   Code   RO          956    .ARM.Collect$$rtentry$$00000000  c_w.l(__rtentry.o)
    0x0800019a   0x0800019a   0x00000000   Code   RO          981    .ARM.Collect$$rtentry$$00000002  c_w.l(__rtentry2.o)
    0x0800019a   0x0800019a   0x00000006   Code   RO          993    .ARM.Collect$$rtentry$$00000004  c_w.l(__rtentry4.o)
    0x080001a0   0x080001a0   0x00000000   Code   RO          983    .ARM.Collect$$rtentry$$00000009  c_w.l(__rtentry2.o)
    0x080001a0   0x080001a0   0x00000004   Code   RO          984    .ARM.Collect$$rtentry$$0000000A  c_w.l(__rtentry2.o)
    0x080001a4   0x080001a4   0x00000000   Code   RO          986    .ARM.Collect$$rtentry$$0000000C  c_w.l(__rtentry2.o)
    0x080001a4   0x080001a4   0x00000008   Code   RO          987    .ARM.Collect$$rtentry$$0000000D  c_w.l(__rtentry2.o)
    0x080001ac   0x080001ac   0x00000002   Code   RO         1104    .ARM.Collect$$rtexit$$00000000  c_w.l(rtexit.o)
    0x080001ae   0x080001ae   0x00000000   Code   RO         1113    .ARM.Collect$$rtexit$$00000002  c_w.l(rtexit2.o)
    0x080001ae   0x080001ae   0x00000004   Code   RO         1114    .ARM.Collect$$rtexit$$00000003  c_w.l(rtexit2.o)
    0x080001b2   0x080001b2   0x00000006   Code   RO         1115    .ARM.Collect$$rtexit$$00000004  c_w.l(rtexit2.o)
    0x080001b8   0x080001b8   0x00000040   Code   RO            4    .text               startup_stm32f103xb.o
    0x080001f8   0x080001f8   0x00000028   Code   RO          898    .text               c_w.l(noretval__2sprintf.o)
    0x08000220   0x08000220   0x0000004e   Code   RO          902    .text               c_w.l(_printf_pad.o)
    0x0800026e   0x0800026e   0x00000002   PAD
    0x08000270   0x08000270   0x00000078   Code   RO          904    .text               c_w.l(_printf_dec.o)
    0x080002e8   0x080002e8   0x00000188   Code   RO          923    .text               c_w.l(__printf_flags_ss_wp.o)
    0x08000470   0x08000470   0x00000006   Code   RO          934    .text               c_w.l(heapauxi.o)
    0x08000476   0x08000476   0x000000b2   Code   RO          957    .text               c_w.l(_printf_intcommon.o)
    0x08000528   0x08000528   0x0000041c   Code   RO          959    .text               c_w.l(_printf_fp_dec.o)
    0x08000944   0x08000944   0x000002fc   Code   RO          963    .text               c_w.l(_printf_fp_hex.o)
    0x08000c40   0x08000c40   0x00000030   Code   RO          966    .text               c_w.l(_printf_char_common.o)
    0x08000c70   0x08000c70   0x0000000a   Code   RO          968    .text               c_w.l(_sputc.o)
    0x08000c7a   0x08000c7a   0x00000002   PAD
    0x08000c7c   0x08000c7c   0x00000008   Code   RO          998    .text               c_w.l(rt_locale_intlibspace.o)
    0x08000c84   0x08000c84   0x0000008a   Code   RO         1000    .text               c_w.l(lludiv10.o)
    0x08000d0e   0x08000d0e   0x00000002   PAD
    0x08000d10   0x08000d10   0x00000080   Code   RO         1002    .text               c_w.l(_printf_fp_infnan.o)
    0x08000d90   0x08000d90   0x000000e4   Code   RO         1006    .text               c_w.l(bigflt0.o)
    0x08000e74   0x08000e74   0x00000008   Code   RO         1040    .text               c_w.l(libspace.o)
    0x08000e7c   0x08000e7c   0x0000004a   Code   RO         1043    .text               c_w.l(sys_stackheap_outer.o)
    0x08000ec6   0x08000ec6   0x00000012   Code   RO         1047    .text               c_w.l(exit.o)
    0x08000ed8   0x08000ed8   0x00000080   Code   RO         1049    .text               c_w.l(strcmpv7m.o)
    0x08000f58   0x08000f58   0x0000000c   Code   RO         1125    .text               c_w.l(sys_exit.o)
    0x08000f64   0x08000f64   0x00000002   Code   RO         1140    .text               c_w.l(use_no_semi.o)
    0x08000f66   0x08000f66   0x00000000   Code   RO         1142    .text               c_w.l(indicate_semi.o)
    0x08000f66   0x08000f66   0x00000002   PAD
    0x08000f68   0x08000f68   0x00000052   Code   RO          158    .text.ADC_DMAConvCplt  stm32f1xx_hal_adc.o
    0x08000fba   0x08000fba   0x00000002   PAD
    0x08000fbc   0x08000fbc   0x00000016   Code   RO          162    .text.ADC_DMAError  stm32f1xx_hal_adc.o
    0x08000fd2   0x08000fd2   0x00000002   PAD
    0x08000fd4   0x08000fd4   0x00000006   Code   RO          160    .text.ADC_DMAHalfConvCplt  stm32f1xx_hal_adc.o
    0x08000fda   0x08000fda   0x00000002   PAD
    0x08000fdc   0x08000fdc   0x000000b6   Code   RO          144    .text.ADC_Enable    stm32f1xx_hal_adc.o
    0x08001092   0x08001092   0x00000002   PAD
    0x08001094   0x08001094   0x00000002   Code   RO           73    .text.BusFault_Handler  stm32f1xx_it.o
    0x08001096   0x08001096   0x00000002   PAD
    0x08001098   0x08001098   0x0000000c   Code   RO           85    .text.DMA1_Channel1_IRQHandler  stm32f1xx_it.o
    0x080010a4   0x080010a4   0x00000002   Code   RO           79    .text.DebugMon_Handler  stm32f1xx_it.o
    0x080010a6   0x080010a6   0x00000002   PAD
    0x080010a8   0x080010a8   0x0000000a   Code   RO           49    .text.Error_Handler  main.o
    0x080010b2   0x080010b2   0x00000002   PAD
    0x080010b4   0x080010b4   0x0000018c   Code   RO          178    .text.HAL_ADC_ConfigChannel  stm32f1xx_hal_adc.o
    0x08001240   0x08001240   0x00000022   Code   RO           35    .text.HAL_ADC_ConvCpltCallback  main.o
    0x08001262   0x08001262   0x00000002   PAD
    0x08001264   0x08001264   0x00000002   Code   RO          174    .text.HAL_ADC_ConvHalfCpltCallback  stm32f1xx_hal_adc.o
    0x08001266   0x08001266   0x00000002   PAD
    0x08001268   0x08001268   0x00000002   Code   RO          176    .text.HAL_ADC_ErrorCallback  stm32f1xx_hal_adc.o
    0x0800126a   0x0800126a   0x00000002   PAD
    0x0800126c   0x0800126c   0x0000015c   Code   RO          132    .text.HAL_ADC_Init  stm32f1xx_hal_adc.o
    0x080013c8   0x080013c8   0x000000a4   Code   RO           96    .text.HAL_ADC_MspInit  stm32f1xx_hal_msp.o
    0x0800146c   0x0800146c   0x00000118   Code   RO          156    .text.HAL_ADC_Start_DMA  stm32f1xx_hal_adc.o
    0x08001584   0x08001584   0x000001a0   Code   RO          378    .text.HAL_DMA_IRQHandler  stm32f1xx_hal_dma.o
    0x08001724   0x08001724   0x00000088   Code   RO          364    .text.HAL_DMA_Init  stm32f1xx_hal_dma.o
    0x080017ac   0x080017ac   0x0000009c   Code   RO          370    .text.HAL_DMA_Start_IT  stm32f1xx_hal_dma.o
    0x08001848   0x08001848   0x00000028   Code   RO          248    .text.HAL_Delay     stm32f1xx_hal.o
    0x08001870   0x08001870   0x0000021a   Code   RO          340    .text.HAL_GPIO_Init  stm32f1xx_hal_gpio.o
    0x08001a8a   0x08001a8a   0x00000002   PAD
    0x08001a8c   0x08001a8c   0x0000000a   Code   RO          344    .text.HAL_GPIO_ReadPin  stm32f1xx_hal_gpio.o
    0x08001a96   0x08001a96   0x00000002   PAD
    0x08001a98   0x08001a98   0x0000000a   Code   RO          346    .text.HAL_GPIO_WritePin  stm32f1xx_hal_gpio.o
    0x08001aa2   0x08001aa2   0x00000002   PAD
    0x08001aa4   0x08001aa4   0x0000000c   Code   RO          240    .text.HAL_GetTick   stm32f1xx_hal.o
    0x08001ab0   0x08001ab0   0x0000001a   Code   RO          238    .text.HAL_IncTick   stm32f1xx_hal.o
    0x08001aca   0x08001aca   0x00000002   PAD
    0x08001acc   0x08001acc   0x00000026   Code   RO          228    .text.HAL_Init      stm32f1xx_hal.o
    0x08001af2   0x08001af2   0x00000002   PAD
    0x08001af4   0x08001af4   0x00000048   Code   RO          230    .text.HAL_InitTick  stm32f1xx_hal.o
    0x08001b3c   0x08001b3c   0x00000042   Code   RO           94    .text.HAL_MspInit   stm32f1xx_hal_msp.o
    0x08001b7e   0x08001b7e   0x00000002   PAD
    0x08001b80   0x08001b80   0x00000026   Code   RO          400    .text.HAL_NVIC_EnableIRQ  stm32f1xx_hal_cortex.o
    0x08001ba6   0x08001ba6   0x00000002   PAD
    0x08001ba8   0x08001ba8   0x00000056   Code   RO          398    .text.HAL_NVIC_SetPriority  stm32f1xx_hal_cortex.o
    0x08001bfe   0x08001bfe   0x00000002   PAD
    0x08001c00   0x08001c00   0x00000020   Code   RO          396    .text.HAL_NVIC_SetPriorityGrouping  stm32f1xx_hal_cortex.o
    0x08001c20   0x08001c20   0x0000010a   Code   RO          326    .text.HAL_RCCEx_PeriphCLKConfig  stm32f1xx_hal_rcc_ex.o
    0x08001d2a   0x08001d2a   0x00000002   PAD
    0x08001d2c   0x08001d2c   0x000001be   Code   RO          292    .text.HAL_RCC_ClockConfig  stm32f1xx_hal_rcc.o
    0x08001eea   0x08001eea   0x00000002   PAD
    0x08001eec   0x08001eec   0x000003b4   Code   RO          290    .text.HAL_RCC_OscConfig  stm32f1xx_hal_rcc.o
    0x080022a0   0x080022a0   0x0000002c   Code   RO          408    .text.HAL_SYSTICK_Config  stm32f1xx_hal_cortex.o
    0x080022cc   0x080022cc   0x0000004c   Code   RO          858    .text.HAL_TIMEx_ConfigBreakDeadTime  stm32f1xx_hal_tim_ex.o
    0x08002318   0x08002318   0x0000007a   Code   RO          856    .text.HAL_TIMEx_MasterConfigSynchronization  stm32f1xx_hal_tim_ex.o
    0x08002392   0x08002392   0x00000002   PAD
    0x08002394   0x08002394   0x000000c6   Code   RO          826    .text.HAL_TIMEx_PWMN_Start  stm32f1xx_hal_tim_ex.o
    0x0800245a   0x0800245a   0x00000002   PAD
    0x0800245c   0x0800245c   0x00000092   Code   RO          828    .text.HAL_TIMEx_PWMN_Stop  stm32f1xx_hal_tim_ex.o
    0x080024ee   0x080024ee   0x00000002   PAD
    0x080024f0   0x080024f0   0x000000ec   Code   RO          561    .text.HAL_TIM_Base_Init  stm32f1xx_hal_tim.o
    0x080025dc   0x080025dc   0x0000002e   Code   RO          102    .text.HAL_TIM_Base_MspInit  stm32f1xx_hal_msp.o
    0x0800260a   0x0800260a   0x00000002   PAD
    0x0800260c   0x0800260c   0x00000066   Code   RO          571    .text.HAL_TIM_Base_Start  stm32f1xx_hal_tim.o
    0x08002672   0x08002672   0x00000002   PAD
    0x08002674   0x08002674   0x0000019c   Code   RO          741    .text.HAL_TIM_ConfigClockSource  stm32f1xx_hal_tim.o
    0x08002810   0x08002810   0x0000007a   Code   RO          104    .text.HAL_TIM_MspPostInit  stm32f1xx_hal_msp.o
    0x0800288a   0x0800288a   0x00000002   PAD
    0x0800288c   0x0800288c   0x0000020c   Code   RO          715    .text.HAL_TIM_PWM_ConfigChannel  stm32f1xx_hal_tim.o
    0x08002a98   0x08002a98   0x000000ec   Code   RO          615    .text.HAL_TIM_PWM_Init  stm32f1xx_hal_tim.o
    0x08002b84   0x08002b84   0x00000032   Code   RO          100    .text.HAL_TIM_PWM_MspInit  stm32f1xx_hal_msp.o
    0x08002bb6   0x08002bb6   0x00000002   PAD
    0x08002bb8   0x08002bb8   0x000000de   Code   RO          623    .text.HAL_TIM_PWM_Start  stm32f1xx_hal_tim.o
    0x08002c96   0x08002c96   0x00000002   PAD
    0x08002c98   0x08002c98   0x000000b2   Code   RO          625    .text.HAL_TIM_PWM_Stop  stm32f1xx_hal_tim.o
    0x08002d4a   0x08002d4a   0x00000002   PAD
    0x08002d4c   0x08002d4c   0x00000002   Code   RO           69    .text.HardFault_Handler  stm32f1xx_it.o
    0x08002d4e   0x08002d4e   0x00000002   PAD
    0x08002d50   0x08002d50   0x00000002   Code   RO           71    .text.MemManage_Handler  stm32f1xx_it.o
    0x08002d52   0x08002d52   0x00000002   PAD
    0x08002d54   0x08002d54   0x00000002   Code   RO           67    .text.NMI_Handler   stm32f1xx_it.o
    0x08002d56   0x08002d56   0x00000002   PAD
    0x08002d58   0x08002d58   0x00000002   Code   RO           81    .text.PendSV_Handler  stm32f1xx_it.o
    0x08002d5a   0x08002d5a   0x00000002   PAD
    0x08002d5c   0x08002d5c   0x00000002   Code   RO           77    .text.SVC_Handler   stm32f1xx_it.o
    0x08002d5e   0x08002d5e   0x00000002   PAD
    0x08002d60   0x08002d60   0x00000004   Code   RO           83    .text.SysTick_Handler  stm32f1xx_it.o
    0x08002d64   0x08002d64   0x00000002   Code   RO          880    .text.SystemInit    system_stm32f1xx.o
    0x08002d66   0x08002d66   0x00000002   PAD
    0x08002d68   0x08002d68   0x00000002   Code   RO           75    .text.UsageFault_Handler  stm32f1xx_it.o
    0x08002d6a   0x08002d6a   0x00000002   PAD
    0x08002d6c   0x08002d6c   0x000000c4   Code   RO           37    .text.controlADC    main.o
    0x08002e30   0x08002e30   0x0000001c   Code   RO           19    .text.lcd_clear     lcd1602.o
    0x08002e4c   0x08002e4c   0x000000d2   Code   RO           23    .text.lcd_init      lcd1602.o
    0x08002f1e   0x08002f1e   0x00000002   PAD
    0x08002f20   0x08002f20   0x00000030   Code   RO           21    .text.lcd_put_cur   lcd1602.o
    0x08002f50   0x08002f50   0x0000002a   Code   RO           25    .text.lcd_send_string  lcd1602.o
    0x08002f7a   0x08002f7a   0x00000002   PAD
    0x08002f7c   0x08002f7c   0x000003c4   Code   RO           45    .text.main          main.o
    0x08003340   0x08003340   0x00000122   Code   RO           43    .text.menuControl   main.o
    0x08003462   0x08003462   0x00000002   PAD
    0x08003464   0x08003464   0x0000009e   Code   RO           39    .text.pageName      main.o
    0x08003502   0x08003502   0x00000002   PAD
    0x08003504   0x08003504   0x00000c68   Code   RO           41    .text.pageProcess   main.o
    0x0800416c   0x0800416c   0x000000ac   Code   RO           13    .text.send_to_lcd   lcd1602.o
    0x08004218   0x08004218   0x0000003e   Code   RO         1009    CL$$btod_d2e        c_w.l(btod.o)
    0x08004256   0x08004256   0x00000046   Code   RO         1011    CL$$btod_d2e_denorm_low  c_w.l(btod.o)
    0x0800429c   0x0800429c   0x00000060   Code   RO         1010    CL$$btod_d2e_norm_op1  c_w.l(btod.o)
    0x080042fc   0x080042fc   0x00000338   Code   RO         1019    CL$$btod_div_common  c_w.l(btod.o)
    0x08004634   0x08004634   0x000000dc   Code   RO         1016    CL$$btod_e2e        c_w.l(btod.o)
    0x08004710   0x08004710   0x0000002a   Code   RO         1013    CL$$btod_ediv       c_w.l(btod.o)
    0x0800473a   0x0800473a   0x0000002a   Code   RO         1012    CL$$btod_emul       c_w.l(btod.o)
    0x08004764   0x08004764   0x00000244   Code   RO         1018    CL$$btod_mult_common  c_w.l(btod.o)
    0x080049a8   0x080049a8   0x00000028   Code   RO         1038    i.__ARM_fpclassify  m_ws.l(fpclassify.o)
    0x080049d0   0x080049d0   0x0000000e   Code   RO          916    i._is_digit         c_w.l(__printf_wp.o)
    0x080049de   0x080049de   0x00000002   PAD
    0x080049e0   0x080049e0   0x0000002c   Code   RO         1034    locale$$code        c_w.l(lc_numeric_c.o)
    0x08004a0c   0x08004a0c   0x00000062   Code   RO          938    x$fpl$d2f           fz_ws.l(d2f.o)
    0x08004a6e   0x08004a6e   0x00000002   PAD
    0x08004a70   0x08004a70   0x00000150   Code   RO          940    x$fpl$dadd          fz_ws.l(daddsub_clz.o)
    0x08004bc0   0x08004bc0   0x0000009c   Code   RO          971    x$fpl$dnaninf       fz_ws.l(dnaninf.o)
    0x08004c5c   0x08004c5c   0x0000000c   Code   RO          973    x$fpl$dretinf       fz_ws.l(dretinf.o)
    0x08004c68   0x08004c68   0x000001dc   Code   RO          942    x$fpl$dsub          fz_ws.l(daddsub_clz.o)
    0x08004e44   0x08004e44   0x00000056   Code   RO          946    x$fpl$f2d           fz_ws.l(f2d.o)
    0x08004e9a   0x08004e9a   0x0000008c   Code   RO          975    x$fpl$fnaninf       fz_ws.l(fnaninf.o)
    0x08004f26   0x08004f26   0x0000000a   Code   RO          977    x$fpl$fretinf       fz_ws.l(fretinf.o)
    0x08004f30   0x08004f30   0x00000004   Code   RO          948    x$fpl$printf1       fz_ws.l(printf1.o)
    0x08004f34   0x08004f34   0x00000004   Code   RO          950    x$fpl$printf2       fz_ws.l(printf2.o)
    0x08004f38   0x08004f38   0x00000000   Code   RO          979    x$fpl$usenofp       fz_ws.l(usenofp.o)
    0x08004f38   0x08004f38   0x00000011   Data   RO          924    .constdata          c_w.l(__printf_flags_ss_wp.o)
    0x08004f49   0x08004f49   0x00000026   Data   RO          964    .constdata          c_w.l(_printf_fp_hex.o)
    0x08004f6f   0x08004f6f   0x00000001   PAD
    0x08004f70   0x08004f70   0x00000094   Data   RO         1007    .constdata          c_w.l(bigflt0.o)
    0x08005004   0x08005004   0x00000010   Data   RO          885    .rodata.AHBPrescTable  system_stm32f1xx.o
    0x08005014   0x08005014   0x00000002   Data   RO          317    .rodata.HAL_RCC_GetSysClockFreq.aPredivFactorTable  stm32f1xx_hal_rcc.o
    0x08005016   0x08005016   0x00000010   Data   RO          316    .rodata.cst16       stm32f1xx_hal_rcc.o
    0x08005026   0x08005026   0x000000c6   Data   RO           52    .rodata.str1.1      main.o
    0x080050ec   0x080050ec   0x00000020   Data   RO         1192    Region$$Table       anon$$obj.o
    0x0800510c   0x0800510c   0x0000001c   Data   RO         1033    locale$$data        c_w.l(lc_numeric_c.o)


    Execution Region RW_IRAM1 (Exec base: 0x20000000, Load base: 0x08005128, Size: 0x000007f0, Max: 0x00005000, ABSOLUTE)

    Exec Addr    Load Addr    Size         Type   Attr      Idx    E Section Name        Object

    0x20000000   0x08005128   0x00000058   Data   RW           57    .data..L_MergedGlobals  main.o
    0x20000058   0x08005180   0x00000008   Data   RW          279    .data..L_MergedGlobals  stm32f1xx_hal.o
    0x20000060   0x08005188   0x00000004   Data   RW          884    .data.SystemCoreClock  system_stm32f1xx.o
    0x20000064   0x0800518c   0x00000004   PAD
    0x20000068        -       0x00000060   Zero   RW         1041    .bss                c_w.l(libspace.o)
    0x200000c8        -       0x0000004c   Zero   RW           58    .bss..L_MergedGlobals.29  main.o
    0x20000114        -       0x00000044   Zero   RW           55    .bss.hdma_adc1      main.o
    0x20000158        -       0x00000048   Zero   RW           53    .bss.htim1          main.o
    0x200001a0        -       0x00000048   Zero   RW           54    .bss.htim2          main.o
    0x200001e8        -       0x00000004   Zero   RW          278    .bss.uwTick         stm32f1xx_hal.o
    0x200001ec   0x0800518c   0x00000004   PAD
    0x200001f0        -       0x00000200   Zero   RW            2    HEAP                startup_stm32f103xb.o
    0x200003f0        -       0x00000400   Zero   RW            1    STACK               startup_stm32f103xb.o


==============================================================================

Image component sizes


      Code (inc. data)   RO Data    RW Data    ZI Data      Debug   Object Name

       500          0          0          0          0       3697   lcd1602.o
      4828        296        198         88        288      13846   main.o
        64         26        236          0       1536        792   startup_stm32f103xb.o
       188          0          0          8          4       5738   stm32f1xx_hal.o
      1320          0          0          0          0      13213   stm32f1xx_hal_adc.o
       200          0          0          0          0       8496   stm32f1xx_hal_cortex.o
       708          0          0          0          0       8435   stm32f1xx_hal_dma.o
       558         22          0          0          0       4566   stm32f1xx_hal_gpio.o
       448          0          0          0          0       6880   stm32f1xx_hal_msp.o
      1394          0         18          0          0       7668   stm32f1xx_hal_rcc.o
       266          0          0          0          0       3569   stm32f1xx_hal_rcc_ex.o
      1910          6          0          0          0      55155   stm32f1xx_hal_tim.o
       542          0          0          0          0      20722   stm32f1xx_hal_tim_ex.o
        32          0          0          0          0       2664   stm32f1xx_it.o
         2          0         16          4          0       1618   system_stm32f1xx.o

    ----------------------------------------------------------------------
     13040        350        500        100       1836     157059   Object Totals
         0          0         32          0          0          0   (incl. Generated)
        80          0          0          0          8          0   (incl. Padding)

    ----------------------------------------------------------------------

      Code (inc. data)   RO Data    RW Data    ZI Data      Debug   Library Member Name

         8          0          0          0          0         68   __main.o
       392          4         17          0          0         92   __printf_flags_ss_wp.o
        14          0          0          0          0         68   __printf_wp.o
         0          0          0          0          0          0   __rtentry.o
        12          0          0          0          0          0   __rtentry2.o
         6          0          0          0          0          0   __rtentry4.o
        52          8          0          0          0          0   __scatter.o
        26          0          0          0          0          0   __scatter_copy.o
        28          0          0          0          0          0   __scatter_zi.o
         6          0          0          0          0          0   _printf_a.o
        48          6          0          0          0         96   _printf_char_common.o
         6          0          0          0          0          0   _printf_d.o
       120         16          0          0          0         92   _printf_dec.o
         6          0          0          0          0          0   _printf_e.o
         6          0          0          0          0          0   _printf_f.o
      1052          0          0          0          0        148   _printf_fp_dec.o
       764          8         38          0          0        100   _printf_fp_hex.o
       128         16          0          0          0         84   _printf_fp_infnan.o
         6          0          0          0          0          0   _printf_g.o
       178          0          0          0          0         88   _printf_intcommon.o
        78          0          0          0          0        108   _printf_pad.o
         0          0          0          0          0          0   _printf_percent.o
         4          0          0          0          0          0   _printf_percent_end.o
        10          0          0          0          0         68   _sputc.o
       228          4        148          0          0         96   bigflt0.o
      1936        128          0          0          0        668   btod.o
        18          0          0          0          0         80   exit.o
         6          0          0          0          0        152   heapauxi.o
         0          0          0          0          0          0   indicate_semi.o
        44         10         28          0          0         76   lc_numeric_c.o
         2          0          0          0          0          0   libinit.o
        18          0          0          0          0          0   libinit2.o
         2          0          0          0          0          0   libshutdown.o
         2          0          0          0          0          0   libshutdown2.o
         8          4          0          0         96         68   libspace.o
       138          0          0          0          0         80   lludiv10.o
        40          6          0          0          0         84   noretval__2sprintf.o
         8          4          0          0          0         68   rt_locale_intlibspace.o
         2          0          0          0          0          0   rtexit.o
        10          0          0          0          0          0   rtexit2.o
       128          0          0          0          0         68   strcmpv7m.o
        12          4          0          0          0         68   sys_exit.o
        74          0          0          0          0         80   sys_stackheap_outer.o
         2          0          0          0          0         68   use_no_semi.o
        98          4          0          0          0         92   d2f.o
       812         16          0          0          0        296   daddsub_clz.o
       156          4          0          0          0         92   dnaninf.o
        12          0          0          0          0         68   dretinf.o
        86          4          0          0          0         84   f2d.o
       140          4          0          0          0         84   fnaninf.o
        10          0          0          0          0         68   fretinf.o
         4          0          0          0          0         68   printf1.o
         4          0          0          0          0         68   printf2.o
         0          0          0          0          0          0   usenofp.o
        40          0          0          0          0         68   fpclassify.o

    ----------------------------------------------------------------------
      7004        250        232          0         96       3656   Library Totals
        14          0          1          0          0          0   (incl. Padding)

    ----------------------------------------------------------------------

      Code (inc. data)   RO Data    RW Data    ZI Data      Debug   Library Name

      5628        218        231          0         96       2668   c_w.l
      1322         32          0          0          0        920   fz_ws.l
        40          0          0          0          0         68   m_ws.l

    ----------------------------------------------------------------------
      7004        250        232          0         96       3656   Library Totals

    ----------------------------------------------------------------------

==============================================================================


      Code (inc. data)   RO Data    RW Data    ZI Data      Debug   

     20044        600        732        100       1932     158527   Grand Totals
     20044        600        732        100       1932     158527   ELF Image Totals
     20044        600        732        100          0          0   ROM Totals

==============================================================================

    Total RO  Size (Code + RO Data)                20776 (  20.29kB)
    Total RW  Size (RW Data + ZI Data)              2032 (   1.98kB)
    Total ROM Size (Code + RO Data + RW Data)      20876 (  20.39kB)

==============================================================================

